Feb  5 21:20:44 tnaton kernel: klogd 1.5.1, log source = /proc/kmsg started.
Feb  5 21:20:44 tnaton kernel: Cannot find map file.
Feb  5 21:20:44 tnaton kernel: Loaded 187811 symbols from 4 modules.
Feb  5 21:20:44 tnaton kernel: [    0.000000] Linux version 6.8.0-rc3tnaton (root@tnaton) (gcc (GCC) 13.2.0, GNU ld (GNU Binutils) 2.41) #4 SMP PREEMPT_DYNAMIC Mon Feb  5 20:49:49 CET 2024
Feb  5 21:20:44 tnaton kernel: [    0.000000] Command line: BOOT_IMAGE=/vmlinuz-6.8-rc3-little-penguin root=PARTUUID=1c458f0e-03 ro
Feb  5 21:20:44 tnaton kernel: [    0.000000] BIOS-provided physical RAM map:
Feb  5 21:20:44 tnaton kernel: [    0.000000] BIOS-e820: [mem 0x0000000000000000-0x000000000009fbff] usable
Feb  5 21:20:44 tnaton kernel: [    0.000000] BIOS-e820: [mem 0x000000000009fc00-0x000000000009ffff] reserved
Feb  5 21:20:44 tnaton kernel: [    0.000000] BIOS-e820: [mem 0x00000000000f0000-0x00000000000fffff] reserved
Feb  5 21:20:44 tnaton kernel: [    0.000000] BIOS-e820: [mem 0x0000000000100000-0x00000000dffeffff] usable
Feb  5 21:20:44 tnaton kernel: [    0.000000] BIOS-e820: [mem 0x00000000dfff0000-0x00000000dfffffff] ACPI data
Feb  5 21:20:44 tnaton kernel: [    0.000000] BIOS-e820: [mem 0x00000000fec00000-0x00000000fec00fff] reserved
Feb  5 21:20:44 tnaton kernel: [    0.000000] BIOS-e820: [mem 0x00000000fee00000-0x00000000fee00fff] reserved
Feb  5 21:20:44 tnaton kernel: [    0.000000] BIOS-e820: [mem 0x00000000fffc0000-0x00000000ffffffff] reserved
Feb  5 21:20:44 tnaton kernel: [    0.000000] BIOS-e820: [mem 0x0000000100000000-0x000000025a3fffff] usable
Feb  5 21:20:44 tnaton kernel: [    0.000000] NX (Execute Disable) protection: active
Feb  5 21:20:44 tnaton kernel: [    0.000000] APIC: Static calls initialized
Feb  5 21:20:44 tnaton kernel: [    0.000000] SMBIOS 2.5 present.
Feb  5 21:20:44 tnaton kernel: [    0.000000] DMI: innotek GmbH VirtualBox/VirtualBox, BIOS VirtualBox 12/01/2006
Feb  5 21:20:44 tnaton kernel: [    0.000000] Hypervisor detected: KVM
Feb  5 21:20:44 tnaton kernel: [    0.000000] kvm-clock: Using msrs 4b564d01 and 4b564d00
Feb  5 21:20:44 tnaton kernel: [    0.000001] kvm-clock: using sched offset of 4398265221 cycles
Feb  5 21:20:44 tnaton kernel: [    0.000003] clocksource: kvm-clock: mask: 0xffffffffffffffff max_cycles: 0x1cd42e4dffb, max_idle_ns: 881590591483 ns
Feb  5 21:20:44 tnaton kernel: [    0.000006] tsc: Detected 2111.998 MHz processor
Feb  5 21:20:44 tnaton kernel: [    0.000415] e820: update [mem 0x00000000-0x00000fff] usable ==> reserved
Feb  5 21:20:44 tnaton kernel: [    0.000417] e820: remove [mem 0x000a0000-0x000fffff] usable
Feb  5 21:20:44 tnaton kernel: [    0.000420] last_pfn = 0x25a400 max_arch_pfn = 0x400000000
Feb  5 21:20:44 tnaton kernel: [    0.000425] MTRRs disabled by BIOS
Feb  5 21:20:44 tnaton kernel: [    0.000426] x86/PAT: Configuration [0-7]: WB  WC  UC- UC  WB  WP  UC- WT  
Feb  5 21:20:44 tnaton kernel: [    0.000447] last_pfn = 0xdfff0 max_arch_pfn = 0x400000000
Feb  5 21:20:44 tnaton kernel: [    0.000480] found SMP MP-table at [mem 0x0009fff0-0x0009ffff]
Feb  5 21:20:44 tnaton kernel: [    0.000485] Incomplete global flushes, disabling PCID
Feb  5 21:20:44 tnaton kernel: [    0.000816] ACPI: Early table checksum verification disabled
Feb  5 21:20:44 tnaton kernel: [    0.000818] ACPI: RSDP 0x00000000000E0000 000024 (v02 VBOX  )
Feb  5 21:20:44 tnaton kernel: [    0.000820] ACPI: XSDT 0x00000000DFFF0030 00003C (v01 VBOX   VBOXXSDT 00000001 ASL  00000061)
Feb  5 21:20:44 tnaton kernel: [    0.000824] ACPI: FACP 0x00000000DFFF00F0 0000F4 (v04 VBOX   VBOXFACP 00000001 ASL  00000061)
Feb  5 21:20:44 tnaton kernel: [    0.000827] ACPI: DSDT 0x00000000DFFF04C0 002325 (v02 VBOX   VBOXBIOS 00000002 INTL 20200925)
Feb  5 21:20:44 tnaton kernel: [    0.000829] ACPI: FACS 0x00000000DFFF0200 000040
Feb  5 21:20:44 tnaton kernel: [    0.000830] ACPI: FACS 0x00000000DFFF0200 000040
Feb  5 21:20:44 tnaton kernel: [    0.000832] ACPI: APIC 0x00000000DFFF0240 0000AC (v02 VBOX   VBOXAPIC 00000001 ASL  00000061)
Feb  5 21:20:44 tnaton kernel: [    0.000834] ACPI: SSDT 0x00000000DFFF02F0 0001CC (v01 VBOX   VBOXCPUT 00000002 INTL 20200925)
Feb  5 21:20:44 tnaton kernel: [    0.000835] ACPI: Reserving FACP table memory at [mem 0xdfff00f0-0xdfff01e3]
Feb  5 21:20:44 tnaton kernel: [    0.000836] ACPI: Reserving DSDT table memory at [mem 0xdfff04c0-0xdfff27e4]
Feb  5 21:20:44 tnaton kernel: [    0.000836] ACPI: Reserving FACS table memory at [mem 0xdfff0200-0xdfff023f]
Feb  5 21:20:44 tnaton kernel: [    0.000837] ACPI: Reserving FACS table memory at [mem 0xdfff0200-0xdfff023f]
Feb  5 21:20:44 tnaton kernel: [    0.000837] ACPI: Reserving APIC table memory at [mem 0xdfff0240-0xdfff02eb]
Feb  5 21:20:44 tnaton kernel: [    0.000837] ACPI: Reserving SSDT table memory at [mem 0xdfff02f0-0xdfff04bb]
Feb  5 21:20:44 tnaton kernel: [    0.000954] No NUMA configuration found
Feb  5 21:20:44 tnaton kernel: [    0.000955] Faking a node at [mem 0x0000000000000000-0x000000025a3fffff]
Feb  5 21:20:44 tnaton kernel: [    0.000956] NODE_DATA(0) allocated [mem 0x25a3f8000-0x25a3fbfff]
Feb  5 21:20:44 tnaton kernel: [    0.000963] Zone ranges:
Feb  5 21:20:44 tnaton kernel: [    0.000964]   DMA      [mem 0x0000000000001000-0x0000000000ffffff]
Feb  5 21:20:44 tnaton kernel: [    0.000965]   DMA32    [mem 0x0000000001000000-0x00000000ffffffff]
Feb  5 21:20:44 tnaton kernel: [    0.000965]   Normal   [mem 0x0000000100000000-0x000000025a3fffff]
Feb  5 21:20:44 tnaton kernel: [    0.000966] Movable zone start for each node
Feb  5 21:20:44 tnaton kernel: [    0.000966] Early memory node ranges
Feb  5 21:20:44 tnaton kernel: [    0.000967]   node   0: [mem 0x0000000000001000-0x000000000009efff]
Feb  5 21:20:44 tnaton kernel: [    0.000967]   node   0: [mem 0x0000000000100000-0x00000000dffeffff]
Feb  5 21:20:44 tnaton kernel: [    0.000968]   node   0: [mem 0x0000000100000000-0x000000025a3fffff]
Feb  5 21:20:44 tnaton kernel: [    0.000969] Initmem setup node 0 [mem 0x0000000000001000-0x000000025a3fffff]
Feb  5 21:20:44 tnaton kernel: [    0.001227] On node 0, zone DMA: 1 pages in unavailable ranges
Feb  5 21:20:44 tnaton kernel: [    0.001240] On node 0, zone DMA: 97 pages in unavailable ranges
Feb  5 21:20:44 tnaton kernel: [    0.025314] On node 0, zone Normal: 16 pages in unavailable ranges
Feb  5 21:20:44 tnaton kernel: [    0.025415] On node 0, zone Normal: 23552 pages in unavailable ranges
Feb  5 21:20:44 tnaton kernel: [    0.025673] ACPI: PM-Timer IO Port: 0x4008
Feb  5 21:20:44 tnaton kernel: [    0.025713] IOAPIC[0]: apic_id 12, version 32, address 0xfec00000, GSI 0-23
Feb  5 21:20:44 tnaton kernel: [    0.025715] ACPI: INT_SRC_OVR (bus 0 bus_irq 0 global_irq 2 dfl dfl)
Feb  5 21:20:44 tnaton kernel: [    0.025717] ACPI: INT_SRC_OVR (bus 0 bus_irq 9 global_irq 9 low level)
Feb  5 21:20:44 tnaton kernel: [    0.025719] ACPI: Using ACPI (MADT) for SMP configuration information
Feb  5 21:20:44 tnaton kernel: [    0.025721] smpboot: Allowing 12 CPUs, 0 hotplug CPUs
Feb  5 21:20:44 tnaton kernel: [    0.025733] PM: hibernation: Registered nosave memory: [mem 0x00000000-0x00000fff]
Feb  5 21:20:44 tnaton kernel: [    0.025734] PM: hibernation: Registered nosave memory: [mem 0x0009f000-0x0009ffff]
Feb  5 21:20:44 tnaton kernel: [    0.025734] PM: hibernation: Registered nosave memory: [mem 0x000a0000-0x000effff]
Feb  5 21:20:44 tnaton kernel: [    0.025735] PM: hibernation: Registered nosave memory: [mem 0x000f0000-0x000fffff]
Feb  5 21:20:44 tnaton kernel: [    0.025735] PM: hibernation: Registered nosave memory: [mem 0xdfff0000-0xdfffffff]
Feb  5 21:20:44 tnaton kernel: [    0.025736] PM: hibernation: Registered nosave memory: [mem 0xe0000000-0xfebfffff]
Feb  5 21:20:44 tnaton kernel: [    0.025736] PM: hibernation: Registered nosave memory: [mem 0xfec00000-0xfec00fff]
Feb  5 21:20:44 tnaton kernel: [    0.025736] PM: hibernation: Registered nosave memory: [mem 0xfec01000-0xfedfffff]
Feb  5 21:20:44 tnaton kernel: [    0.025737] PM: hibernation: Registered nosave memory: [mem 0xfee00000-0xfee00fff]
Feb  5 21:20:44 tnaton kernel: [    0.025737] PM: hibernation: Registered nosave memory: [mem 0xfee01000-0xfffbffff]
Feb  5 21:20:44 tnaton kernel: [    0.025737] PM: hibernation: Registered nosave memory: [mem 0xfffc0000-0xffffffff]
Feb  5 21:20:44 tnaton kernel: [    0.025738] [mem 0xe0000000-0xfebfffff] available for PCI devices
Feb  5 21:20:44 tnaton kernel: [    0.025739] Booting paravirtualized kernel on KVM
Feb  5 21:20:44 tnaton kernel: [    0.025740] clocksource: refined-jiffies: mask: 0xffffffff max_cycles: 0xffffffff, max_idle_ns: 1910969940391419 ns
Feb  5 21:20:44 tnaton kernel: [    0.029876] setup_percpu: NR_CPUS:64 nr_cpumask_bits:12 nr_cpu_ids:12 nr_node_ids:1
Feb  5 21:20:44 tnaton kernel: [    0.030587] percpu: Embedded 57 pages/cpu s193576 r8192 d31704 u262144
Feb  5 21:20:44 tnaton kernel: [    0.030590] pcpu-alloc: s193576 r8192 d31704 u262144 alloc=1*2097152
Feb  5 21:20:44 tnaton kernel: [    0.030591] pcpu-alloc: [0] 00 01 02 03 04 05 06 07 [0] 08 09 10 11 -- -- -- -- 
Feb  5 21:20:44 tnaton kernel: [    0.030604] Kernel command line: BOOT_IMAGE=/vmlinuz-6.8-rc3-little-penguin root=PARTUUID=1c458f0e-03 ro
Feb  5 21:20:44 tnaton kernel: [    0.030621] Unknown kernel command line parameters "BOOT_IMAGE=/vmlinuz-6.8-rc3-little-penguin", will be passed to user space.
Feb  5 21:20:44 tnaton kernel: [    0.030640] random: crng init done
Feb  5 21:20:44 tnaton kernel: [    0.033392] Dentry cache hash table entries: 2097152 (order: 12, 16777216 bytes, linear)
Feb  5 21:20:44 tnaton kernel: [    0.034696] Inode-cache hash table entries: 1048576 (order: 11, 8388608 bytes, linear)
Feb  5 21:20:44 tnaton kernel: [    0.034827] Fallback order for Node 0: 0 
Feb  5 21:20:44 tnaton kernel: [    0.034829] Built 1 zonelists, mobility grouping on.  Total pages: 2298976
Feb  5 21:20:44 tnaton kernel: [    0.034830] Policy zone: Normal
Feb  5 21:20:44 tnaton kernel: [    0.034831] mem auto-init: stack:all(zero), heap alloc:off, heap free:off
Feb  5 21:20:44 tnaton kernel: [    0.034834] software IO TLB: area num 16.
Feb  5 21:20:44 tnaton kernel: [    0.067592] Memory: 9057308K/9342520K available (20480K kernel code, 3051K rwdata, 7164K rodata, 2868K init, 2400K bss, 284952K reserved, 0K cma-reserved)
Feb  5 21:20:44 tnaton kernel: [    0.067617] SLUB: HWalign=64, Order=0-3, MinObjects=0, CPUs=12, Nodes=1
Feb  5 21:20:44 tnaton kernel: [    0.067624] Kernel/User page tables isolation: enabled
Feb  5 21:20:44 tnaton kernel: [    0.068493] Dynamic Preempt: voluntary
Feb  5 21:20:44 tnaton kernel: [    0.068773] rcu: Preemptible hierarchical RCU implementation.
Feb  5 21:20:44 tnaton kernel: [    0.068774] rcu: ^IRCU event tracing is enabled.
Feb  5 21:20:44 tnaton kernel: [    0.068774] rcu: ^IRCU restricting CPUs from NR_CPUS=64 to nr_cpu_ids=12.
Feb  5 21:20:44 tnaton kernel: [    0.068775] ^ITrampoline variant of Tasks RCU enabled.
Feb  5 21:20:44 tnaton kernel: [    0.068775] ^ITracing variant of Tasks RCU enabled.
Feb  5 21:20:44 tnaton kernel: [    0.068775] rcu: RCU calculated value of scheduler-enlistment delay is 100 jiffies.
Feb  5 21:20:44 tnaton kernel: [    0.068776] rcu: Adjusting geometry for rcu_fanout_leaf=16, nr_cpu_ids=12
Feb  5 21:20:44 tnaton kernel: [    0.069673] NR_IRQS: 4352, nr_irqs: 520, preallocated irqs: 16
Feb  5 21:20:44 tnaton kernel: [    0.069835] rcu: srcu_init: Setting srcu_struct sizes based on contention.
Feb  5 21:20:44 tnaton kernel: [    0.073815] Console: colour VGA+ 80x25
Feb  5 21:20:44 tnaton kernel: [    0.073817] printk: legacy console [tty0] enabled
Feb  5 21:20:44 tnaton kernel: [    0.092415] ACPI: Core revision 20230628
Feb  5 21:20:44 tnaton kernel: [    0.092620] APIC: Switch to symmetric I/O mode setup
Feb  5 21:20:44 tnaton kernel: [    0.092924] x2apic enabled
Feb  5 21:20:44 tnaton kernel: [    0.093217] APIC: Switched APIC routing to: physical x2apic
Feb  5 21:20:44 tnaton kernel: [    0.094156] ..TIMER: vector=0x30 apic1=0 pin1=2 apic2=-1 pin2=-1
Feb  5 21:20:44 tnaton kernel: [    0.094336] clocksource: tsc-early: mask: 0xffffffffffffffff max_cycles: 0x1e71768ef8b, max_idle_ns: 440795218977 ns
Feb  5 21:20:44 tnaton kernel: [    0.094611] Calibrating delay loop (skipped) preset value.. 4223.99 BogoMIPS (lpj=2111998)
Feb  5 21:20:44 tnaton kernel: [    0.094928] Last level iTLB entries: 4KB 0, 2MB 0, 4MB 0
Feb  5 21:20:44 tnaton kernel: [    0.095080] Last level dTLB entries: 4KB 0, 2MB 0, 4MB 0, 1GB 0
Feb  5 21:20:44 tnaton kernel: [    0.095246] Spectre V1 : Mitigation: usercopy/swapgs barriers and __user pointer sanitization
Feb  5 21:20:44 tnaton kernel: [    0.095524] Spectre V2 : Mitigation: Retpolines
Feb  5 21:20:44 tnaton kernel: [    0.095608] Spectre V2 : Spectre v2 / SpectreRSB mitigation: Filling RSB on context switch
Feb  5 21:20:44 tnaton kernel: [    0.095608] Spectre V2 : Spectre v2 / SpectreRSB : Filling RSB on VMEXIT
Feb  5 21:20:44 tnaton kernel: [    0.095608] Speculative Store Bypass: Vulnerable
Feb  5 21:20:44 tnaton kernel: [    0.095608] MDS: Mitigation: Clear CPU buffers
Feb  5 21:20:44 tnaton kernel: [    0.095608] x86/fpu: Supporting XSAVE feature 0x001: 'x87 floating point registers'
Feb  5 21:20:44 tnaton kernel: [    0.095608] x86/fpu: Supporting XSAVE feature 0x002: 'SSE registers'
Feb  5 21:20:44 tnaton kernel: [    0.095608] x86/fpu: Supporting XSAVE feature 0x004: 'AVX registers'
Feb  5 21:20:44 tnaton kernel: [    0.095608] x86/fpu: xstate_offset[2]:  576, xstate_sizes[2]:  256
Feb  5 21:20:44 tnaton kernel: [    0.095608] x86/fpu: Enabled xstate features 0x7, context size is 832 bytes, using 'standard' format.
Feb  5 21:20:44 tnaton kernel: [    0.109022] Freeing SMP alternatives memory: 56K
Feb  5 21:20:44 tnaton kernel: [    0.109175] pid_max: default: 32768 minimum: 301
Feb  5 21:20:44 tnaton kernel: [    0.109329] LSM: initializing lsm=capability,selinux,bpf,integrity
Feb  5 21:20:44 tnaton kernel: [    0.109505] SELinux:  Initializing.
Feb  5 21:20:44 tnaton kernel: [    0.109608] LSM support for eBPF active
Feb  5 21:20:44 tnaton kernel: [    0.109608] Mount-cache hash table entries: 32768 (order: 6, 262144 bytes, linear)
Feb  5 21:20:44 tnaton kernel: [    0.109620] Mountpoint-cache hash table entries: 32768 (order: 6, 262144 bytes, linear)
Feb  5 21:20:44 tnaton kernel: [    0.215181] smpboot: CPU0: 12th Gen Intel(R) Core(TM) i7-12700 (family: 0x6, model: 0x97, stepping: 0x2)
Feb  5 21:20:44 tnaton kernel: [    0.215552] RCU Tasks: Setting shift to 4 and lim to 1 rcu_task_cb_adjust=1.
Feb  5 21:20:44 tnaton kernel: [    0.215608] RCU Tasks Trace: Setting shift to 4 and lim to 1 rcu_task_cb_adjust=1.
Feb  5 21:20:44 tnaton kernel: [    0.215608] Performance Events: unsupported p6 CPU model 151 no PMU driver, software events only.
Feb  5 21:20:44 tnaton kernel: [    0.215619] signal: max sigframe size: 1776
Feb  5 21:20:44 tnaton kernel: [    0.215770] rcu: Hierarchical SRCU implementation.
Feb  5 21:20:44 tnaton kernel: [    0.215917] rcu: ^IMax phase no-delay instances is 400.
Feb  5 21:20:44 tnaton kernel: [    0.216191] smp: Bringing up secondary CPUs ...
Feb  5 21:20:44 tnaton kernel: [    0.216373] smpboot: x86: Booting SMP configuration:
Feb  5 21:20:44 tnaton kernel: [    0.216523] .... node  #0, CPUs:        #1  #2  #3  #4  #5  #6  #7  #8  #9 #10 #11
Feb  5 21:20:44 tnaton kernel: [    0.235710] smp: Brought up 1 node, 12 CPUs
Feb  5 21:20:44 tnaton kernel: [    0.236104] smpboot: Max logical packages: 1
Feb  5 21:20:44 tnaton kernel: [    0.236255] smpboot: Total of 12 processors activated (50687.95 BogoMIPS)
Feb  5 21:20:44 tnaton kernel: [    0.237867] devtmpfs: initialized
Feb  5 21:20:44 tnaton kernel: [    0.238637] clocksource: jiffies: mask: 0xffffffff max_cycles: 0xffffffff, max_idle_ns: 1911260446275000 ns
Feb  5 21:20:44 tnaton kernel: [    0.238916] futex hash table entries: 4096 (order: 6, 262144 bytes, linear)
Feb  5 21:20:44 tnaton kernel: [    0.239674] PM: RTC time: 20:20:36, date: 2024-02-05
Feb  5 21:20:44 tnaton kernel: [    0.241017] NET: Registered PF_NETLINK/PF_ROUTE protocol family
Feb  5 21:20:44 tnaton kernel: [    0.241249] audit: initializing netlink subsys (disabled)
Feb  5 21:20:44 tnaton kernel: [    0.241437] audit: type=2000 audit(1707164442.441:1): state=initialized audit_enabled=0 res=1
Feb  5 21:20:44 tnaton kernel: [    0.241437] thermal_sys: Registered thermal governor 'step_wise'
Feb  5 21:20:44 tnaton kernel: [    0.241608] thermal_sys: Registered thermal governor 'user_space'
Feb  5 21:20:44 tnaton kernel: [    0.241793] cpuidle: using governor menu
Feb  5 21:20:44 tnaton kernel: [    0.242178] PCI: Using configuration type 1 for base access
Feb  5 21:20:44 tnaton kernel: [    0.242651] kprobes: kprobe jump-optimization is enabled. All kprobes are optimized if possible.
Feb  5 21:20:44 tnaton kernel: [    0.246841] HugeTLB: registered 2.00 MiB page size, pre-allocated 0 pages
Feb  5 21:20:44 tnaton kernel: [    0.247045] HugeTLB: 28 KiB vmemmap can be freed for a 2.00 MiB page
Feb  5 21:20:44 tnaton kernel: [    0.267608] raid6: avx2x4   gen() 40255 MB/s
Feb  5 21:20:44 tnaton kernel: [    0.284609] raid6: avx2x2   gen() 43353 MB/s
Feb  5 21:20:44 tnaton kernel: [    0.301609] raid6: avx2x1   gen() 52864 MB/s
Feb  5 21:20:44 tnaton kernel: [    0.301772] raid6: using algorithm avx2x1 gen() 52864 MB/s
Feb  5 21:20:44 tnaton kernel: [    0.319608] raid6: .... xor() 24171 MB/s, rmw enabled
Feb  5 21:20:44 tnaton kernel: [    0.319770] raid6: using avx2x2 recovery algorithm
Feb  5 21:20:44 tnaton kernel: [    0.319963] ACPI: Added _OSI(Module Device)
Feb  5 21:20:44 tnaton kernel: [    0.320106] ACPI: Added _OSI(Processor Device)
Feb  5 21:20:44 tnaton kernel: [    0.320256] ACPI: Added _OSI(3.0 _SCP Extensions)
Feb  5 21:20:44 tnaton kernel: [    0.320410] ACPI: Added _OSI(Processor Aggregator Device)
Feb  5 21:20:44 tnaton kernel: [    0.321078] ACPI: 2 ACPI AML tables successfully acquired and loaded
Feb  5 21:20:44 tnaton kernel: [    0.321928] ACPI: _OSC evaluation for CPUs failed, trying _PDC
Feb  5 21:20:44 tnaton kernel: [    0.321928] ACPI: Interpreter enabled
Feb  5 21:20:44 tnaton kernel: [    0.321984] ACPI: PM: (supports S0 S5)
Feb  5 21:20:44 tnaton kernel: [    0.322609] ACPI: Using IOAPIC for interrupt routing
Feb  5 21:20:44 tnaton kernel: [    0.322823] PCI: Using host bridge windows from ACPI; if necessary, use "pci=nocrs" and report a bug
Feb  5 21:20:44 tnaton kernel: [    0.323089] PCI: Using E820 reservations for host bridge windows
Feb  5 21:20:44 tnaton kernel: [    0.323307] ACPI: Enabled 2 GPEs in block 00 to 07
Feb  5 21:20:44 tnaton kernel: [    0.325323] ACPI: PCI Root Bridge [PCI0] (domain 0000 [bus 00-ff])
Feb  5 21:20:44 tnaton kernel: [    0.325511] acpi PNP0A03:00: _OSC: OS supports [ASPM ClockPM Segments MSI HPX-Type3]
Feb  5 21:20:44 tnaton kernel: [    0.325609] acpi PNP0A03:00: _OSC: not requesting OS control; OS requires [ExtendedConfig ASPM ClockPM MSI]
Feb  5 21:20:44 tnaton kernel: [    0.325997] acpi PNP0A03:00: fail to add MMCONFIG information, can't access extended configuration space under this bridge
Feb  5 21:20:44 tnaton kernel: [    0.326351] PCI host bridge to bus 0000:00
Feb  5 21:20:44 tnaton kernel: [    0.326609] pci_bus 0000:00: root bus resource [io  0x0000-0x0cf7 window]
Feb  5 21:20:44 tnaton kernel: [    0.326801] pci_bus 0000:00: root bus resource [io  0x0d00-0xffff window]
Feb  5 21:20:44 tnaton kernel: [    0.326995] pci_bus 0000:00: root bus resource [mem 0x000a0000-0x000bffff window]
Feb  5 21:20:44 tnaton kernel: [    0.327226] pci_bus 0000:00: root bus resource [mem 0xe0000000-0xfdffffff window]
Feb  5 21:20:44 tnaton kernel: [    0.327459] pci_bus 0000:00: root bus resource [bus 00-ff]
Feb  5 21:20:44 tnaton kernel: [    0.327684] pci 0000:00:00.0: [8086:1237] type 00 class 0x060000 conventional PCI endpoint
Feb  5 21:20:44 tnaton kernel: [    0.328202] pci 0000:00:01.0: [8086:7000] type 00 class 0x060100 conventional PCI endpoint
Feb  5 21:20:44 tnaton kernel: [    0.328814] pci 0000:00:01.1: [8086:7111] type 00 class 0x01018a conventional PCI endpoint
Feb  5 21:20:44 tnaton kernel: [    0.329276] pci 0000:00:01.1: BAR 4 [io  0xd000-0xd00f]
Feb  5 21:20:44 tnaton kernel: [    0.329525] pci 0000:00:01.1: BAR 0 [io  0x01f0-0x01f7]: legacy IDE quirk
Feb  5 21:20:44 tnaton kernel: [    0.329608] pci 0000:00:01.1: BAR 1 [io  0x03f6]: legacy IDE quirk
Feb  5 21:20:44 tnaton kernel: [    0.329792] pci 0000:00:01.1: BAR 2 [io  0x0170-0x0177]: legacy IDE quirk
Feb  5 21:20:44 tnaton kernel: [    0.329984] pci 0000:00:01.1: BAR 3 [io  0x0376]: legacy IDE quirk
Feb  5 21:20:44 tnaton kernel: [    0.330257] pci 0000:00:02.0: [80ee:beef] type 00 class 0x030000 conventional PCI endpoint
Feb  5 21:20:44 tnaton kernel: [    0.333622] pci 0000:00:02.0: BAR 0 [mem 0xe0000000-0xe0ffffff pref]
Feb  5 21:20:44 tnaton kernel: [    0.349668] pci 0000:00:02.0: Video device with shadowed ROM at [mem 0x000c0000-0x000dffff]
Feb  5 21:20:44 tnaton kernel: [    0.350809] pci 0000:00:03.0: [8086:100e] type 00 class 0x020000 conventional PCI endpoint
Feb  5 21:20:44 tnaton kernel: [    0.353632] pci 0000:00:03.0: BAR 0 [mem 0xf0000000-0xf001ffff]
Feb  5 21:20:44 tnaton kernel: [    0.360666] pci 0000:00:03.0: BAR 2 [io  0xd010-0xd017]
Feb  5 21:20:44 tnaton kernel: [    0.375942] pci 0000:00:04.0: [80ee:cafe] type 00 class 0x088000 conventional PCI endpoint
Feb  5 21:20:44 tnaton kernel: [    0.378665] pci 0000:00:04.0: BAR 0 [io  0xd020-0xd03f]
Feb  5 21:20:44 tnaton kernel: [    0.384668] pci 0000:00:04.0: BAR 1 [mem 0xf0400000-0xf07fffff]
Feb  5 21:20:44 tnaton kernel: [    0.387962] pci 0000:00:04.0: BAR 2 [mem 0xf0800000-0xf0803fff pref]
Feb  5 21:20:44 tnaton kernel: [    0.407652] pci 0000:00:05.0: [8086:2415] type 00 class 0x040100 conventional PCI endpoint
Feb  5 21:20:44 tnaton kernel: [    0.411611] pci 0000:00:05.0: BAR 0 [io  0xd100-0xd1ff]
Feb  5 21:20:44 tnaton kernel: [    0.414630] pci 0000:00:05.0: BAR 1 [io  0xd200-0xd23f]
Feb  5 21:20:44 tnaton kernel: [    0.416926] pci 0000:00:06.0: [106b:003f] type 00 class 0x0c0310 conventional PCI endpoint
Feb  5 21:20:44 tnaton kernel: [    0.420878] pci 0000:00:06.0: BAR 0 [mem 0xf0804000-0xf0804fff]
Feb  5 21:20:44 tnaton kernel: [    0.451787] pci 0000:00:07.0: [8086:7113] type 00 class 0x068000 conventional PCI endpoint
Feb  5 21:20:44 tnaton kernel: [    0.460745] pci 0000:00:07.0: quirk: [io  0x4000-0x403f] claimed by PIIX4 ACPI
Feb  5 21:20:44 tnaton kernel: [    0.461639] pci 0000:00:07.0: quirk: [io  0x4100-0x410f] claimed by PIIX4 SMB
Feb  5 21:20:44 tnaton kernel: [    0.464229] pci 0000:00:0b.0: [8086:265c] type 00 class 0x0c0320 conventional PCI endpoint
Feb  5 21:20:44 tnaton kernel: [    0.467732] pci 0000:00:0b.0: BAR 0 [mem 0xf0805000-0xf0805fff]
Feb  5 21:20:44 tnaton kernel: [    0.497646] pci 0000:00:0d.0: [8086:2829] type 00 class 0x010601 conventional PCI endpoint
Feb  5 21:20:44 tnaton kernel: [    0.501716] pci 0000:00:0d.0: BAR 0 [io  0xd240-0xd247]
Feb  5 21:20:44 tnaton kernel: [    0.506729] pci 0000:00:0d.0: BAR 1 [io  0xd248-0xd24b]
Feb  5 21:20:44 tnaton kernel: [    0.512685] pci 0000:00:0d.0: BAR 2 [io  0xd250-0xd257]
Feb  5 21:20:44 tnaton kernel: [    0.517661] pci 0000:00:0d.0: BAR 3 [io  0xd258-0xd25b]
Feb  5 21:20:44 tnaton kernel: [    0.521721] pci 0000:00:0d.0: BAR 4 [io  0xd260-0xd26f]
Feb  5 21:20:44 tnaton kernel: [    0.525688] pci 0000:00:0d.0: BAR 5 [mem 0xf0806000-0xf0807fff]
Feb  5 21:20:44 tnaton kernel: [    0.540319] ACPI: PCI: Interrupt link LNKA configured for IRQ 11
Feb  5 21:20:44 tnaton kernel: [    0.541775] ACPI: PCI: Interrupt link LNKB configured for IRQ 10
Feb  5 21:20:44 tnaton kernel: [    0.542734] ACPI: PCI: Interrupt link LNKC configured for IRQ 9
Feb  5 21:20:44 tnaton kernel: [    0.543711] ACPI: PCI: Interrupt link LNKD configured for IRQ 11
Feb  5 21:20:44 tnaton kernel: [    0.545235] iommu: Default domain type: Translated
Feb  5 21:20:44 tnaton kernel: [    0.545610] iommu: DMA domain TLB invalidation policy: lazy mode
Feb  5 21:20:44 tnaton kernel: [    0.546758] SCSI subsystem initialized
Feb  5 21:20:44 tnaton kernel: [    0.547658] libata version 3.00 loaded.
Feb  5 21:20:44 tnaton kernel: [    0.547736] ACPI: bus type USB registered
Feb  5 21:20:44 tnaton kernel: [    0.548260] usbcore: registered new interface driver usbfs
Feb  5 21:20:44 tnaton kernel: [    0.548620] usbcore: registered new interface driver hub
Feb  5 21:20:44 tnaton kernel: [    0.549153] usbcore: registered new device driver usb
Feb  5 21:20:44 tnaton kernel: [    0.549624] pps_core: LinuxPPS API ver. 1 registered
Feb  5 21:20:44 tnaton kernel: [    0.550083] pps_core: Software ver. 5.3.6 - Copyright 2005-2007 Rodolfo Giometti <giometti@linux.it>
Feb  5 21:20:44 tnaton kernel: [    0.550611] PTP clock support registered
Feb  5 21:20:44 tnaton kernel: [    0.551656] Advanced Linux Sound Architecture Driver Initialized.
Feb  5 21:20:44 tnaton kernel: [    0.552230] NetLabel: Initializing
Feb  5 21:20:44 tnaton kernel: [    0.552493] NetLabel:  domain hash size = 128
Feb  5 21:20:44 tnaton kernel: [    0.552609] NetLabel:  protocols = UNLABELED CIPSOv4 CALIPSO
Feb  5 21:20:44 tnaton kernel: [    0.552939] NetLabel:  unlabeled traffic allowed by default
Feb  5 21:20:44 tnaton kernel: [    0.553261] PCI: Using ACPI for IRQ routing
Feb  5 21:20:44 tnaton kernel: [    0.553609] PCI: pci_cache_line_size set to 64 bytes
Feb  5 21:20:44 tnaton kernel: [    0.553806] e820: reserve RAM buffer [mem 0x0009fc00-0x0009ffff]
Feb  5 21:20:44 tnaton kernel: [    0.553810] e820: reserve RAM buffer [mem 0xdfff0000-0xdfffffff]
Feb  5 21:20:44 tnaton kernel: [    0.553811] e820: reserve RAM buffer [mem 0x25a400000-0x25bffffff]
Feb  5 21:20:44 tnaton kernel: [    0.553825] pci 0000:00:02.0: vgaarb: setting as boot VGA device
Feb  5 21:20:44 tnaton kernel: [    0.553907] pci 0000:00:02.0: vgaarb: bridge control possible
Feb  5 21:20:44 tnaton kernel: [    0.554171] pci 0000:00:02.0: vgaarb: VGA device added: decodes=io+mem,owns=io+mem,locks=none
Feb  5 21:20:44 tnaton kernel: [    0.554609] vgaarb: loaded
Feb  5 21:20:44 tnaton kernel: [    0.554923] clocksource: Switched to clocksource kvm-clock
Feb  5 21:20:44 tnaton kernel: [    0.555171] VFS: Disk quotas dquot_6.6.0
Feb  5 21:20:44 tnaton kernel: [    0.555171] VFS: Dquot-cache hash table entries: 512 (order 0, 4096 bytes)
Feb  5 21:20:44 tnaton kernel: [    0.555420] pnp: PnP ACPI init
Feb  5 21:20:44 tnaton kernel: [    0.555898] pnp: PnP ACPI: found 2 devices
Feb  5 21:20:44 tnaton kernel: [    0.564864] clocksource: acpi_pm: mask: 0xffffff max_cycles: 0xffffff, max_idle_ns: 2085701024 ns
Feb  5 21:20:44 tnaton kernel: [    0.565160] NET: Registered PF_INET protocol family
Feb  5 21:20:44 tnaton kernel: [    0.565681] IP idents hash table entries: 262144 (order: 9, 2097152 bytes, linear)
Feb  5 21:20:44 tnaton kernel: [    0.566601] tcp_listen_portaddr_hash hash table entries: 8192 (order: 5, 131072 bytes, linear)
Feb  5 21:20:44 tnaton kernel: [    0.566601] Table-perturb hash table entries: 65536 (order: 6, 262144 bytes, linear)
Feb  5 21:20:44 tnaton kernel: [    0.566601] TCP established hash table entries: 131072 (order: 8, 1048576 bytes, linear)
Feb  5 21:20:44 tnaton kernel: [    0.568361] TCP bind hash table entries: 65536 (order: 9, 2097152 bytes, linear)
Feb  5 21:20:44 tnaton kernel: [    0.568933] TCP: Hash tables configured (established 131072 bind 65536)
Feb  5 21:20:44 tnaton kernel: [    0.569189] MPTCP token hash table entries: 16384 (order: 6, 393216 bytes, linear)
Feb  5 21:20:44 tnaton kernel: [    0.569439] UDP hash table entries: 8192 (order: 6, 262144 bytes, linear)
Feb  5 21:20:44 tnaton kernel: [    0.569616] UDP-Lite hash table entries: 8192 (order: 6, 262144 bytes, linear)
Feb  5 21:20:44 tnaton kernel: [    0.570211] NET: Registered PF_UNIX/PF_LOCAL protocol family
Feb  5 21:20:44 tnaton kernel: [    0.570634] RPC: Registered named UNIX socket transport module.
Feb  5 21:20:44 tnaton kernel: [    0.570810] RPC: Registered udp transport module.
Feb  5 21:20:44 tnaton kernel: [    0.570965] RPC: Registered tcp transport module.
Feb  5 21:20:44 tnaton kernel: [    0.571116] RPC: Registered tcp-with-tls transport module.
Feb  5 21:20:44 tnaton kernel: [    0.571282] RPC: Registered tcp NFSv4.1 backchannel transport module.
Feb  5 21:20:44 tnaton kernel: [    0.572008] pci_bus 0000:00: resource 4 [io  0x0000-0x0cf7 window]
Feb  5 21:20:44 tnaton kernel: [    0.572191] pci_bus 0000:00: resource 5 [io  0x0d00-0xffff window]
Feb  5 21:20:44 tnaton kernel: [    0.572372] pci_bus 0000:00: resource 6 [mem 0x000a0000-0x000bffff window]
Feb  5 21:20:44 tnaton kernel: [    0.572574] pci_bus 0000:00: resource 7 [mem 0xe0000000-0xfdffffff window]
Feb  5 21:20:44 tnaton kernel: [    0.572784] pci 0000:00:00.0: Limiting direct PCI/PCI transfers
Feb  5 21:20:44 tnaton kernel: [    0.573766] PCI: CLS 0 bytes, default 64
Feb  5 21:20:44 tnaton kernel: [    0.573974] PCI-DMA: Using software bounce buffering for IO (SWIOTLB)
Feb  5 21:20:44 tnaton kernel: [    0.574162] software IO TLB: mapped [mem 0x00000000dbff0000-0x00000000dfff0000] (64MB)
Feb  5 21:20:44 tnaton kernel: [    0.575098] RAPL PMU: API unit is 2^-32 Joules, 0 fixed counters, 10737418240 ms ovfl timer
Feb  5 21:20:44 tnaton kernel: [    0.575352] kvm_intel: VMX not supported by CPU 0
Feb  5 21:20:44 tnaton kernel: [    0.575502] kvm_amd: CPU 0 isn't AMD or Hygon
Feb  5 21:20:44 tnaton kernel: [    0.575655] clocksource: tsc: mask: 0xffffffffffffffff max_cycles: 0x1e71768ef8b, max_idle_ns: 440795218977 ns
Feb  5 21:20:44 tnaton kernel: [    0.582900] clocksource: Switched to clocksource tsc
Feb  5 21:20:44 tnaton kernel: [    0.583091] platform rtc_cmos: registered platform RTC device (no PNP device found)
Feb  5 21:20:44 tnaton kernel: [    0.587217] Initialise system trusted keyrings
Feb  5 21:20:44 tnaton kernel: [    0.587567] workingset: timestamp_bits=40 max_order=22 bucket_order=0
Feb  5 21:20:44 tnaton kernel: [    0.588236] NFS: Registering the id_resolver key type
Feb  5 21:20:44 tnaton kernel: [    0.588405] Key type id_resolver registered
Feb  5 21:20:44 tnaton kernel: [    0.588550] Key type id_legacy registered
Feb  5 21:20:44 tnaton kernel: [    0.588712] 9p: Installing v9fs 9p2000 file system support
Feb  5 21:20:44 tnaton kernel: [    0.591542] xor: automatically using best checksumming function   avx       
Feb  5 21:20:44 tnaton kernel: [    0.591542] Key type asymmetric registered
Feb  5 21:20:44 tnaton kernel: [    0.591542] Asymmetric key parser 'x509' registered
Feb  5 21:20:44 tnaton kernel: [    0.591542] Block layer SCSI generic (bsg) driver version 0.4 loaded (major 251)
Feb  5 21:20:44 tnaton kernel: [    0.597896] io scheduler mq-deadline registered
Feb  5 21:20:44 tnaton kernel: [    0.598073] io scheduler kyber registered
Feb  5 21:20:44 tnaton kernel: [    0.599020] ACPI: AC: AC Adapter [AC] (on-line)
Feb  5 21:20:44 tnaton kernel: [    0.599214] input: Power Button as /devices/LNXSYSTM:00/LNXPWRBN:00/input/input0
Feb  5 21:20:44 tnaton kernel: [    0.599547] ACPI: button: Power Button [PWRF]
Feb  5 21:20:44 tnaton kernel: [    0.599709] input: Sleep Button as /devices/LNXSYSTM:00/LNXSLPBN:00/input/input1
Feb  5 21:20:44 tnaton kernel: [    0.599969] ACPI: button: Sleep Button [SLPF]
Feb  5 21:20:44 tnaton kernel: [    0.600139] ACPI: video: Video Device [GFX0] (multi-head: yes  rom: no  post: no)
Feb  5 21:20:44 tnaton kernel: [    0.600399] input: Video Bus as /devices/LNXSYSTM:00/LNXSYBUS:00/PNP0A03:00/LNXVIDEO:00/input/input2
Feb  5 21:20:44 tnaton kernel: [    0.600981] Serial: 8250/16550 driver, 4 ports, IRQ sharing enabled
Feb  5 21:20:44 tnaton kernel: [    0.601347] Non-volatile memory driver v1.3
Feb  5 21:20:44 tnaton kernel: [    0.601499] ACPI: bus type drm_connector registered
Feb  5 21:20:44 tnaton kernel: [    0.603798] brd: module loaded
Feb  5 21:20:44 tnaton kernel: [    0.605004] loop: module loaded
Feb  5 21:20:44 tnaton kernel: [    0.605541] ahci 0000:00:0d.0: version 3.0
Feb  5 21:20:44 tnaton kernel: [    0.605838] ahci 0000:00:0d.0: SSS flag set, parallel bus scan disabled
Feb  5 21:20:44 tnaton kernel: [    0.606238] ahci 0000:00:0d.0: AHCI 0001.0100 32 slots 1 ports 3 Gbps 0x1 impl SATA mode
Feb  5 21:20:44 tnaton kernel: [    0.606491] ahci 0000:00:0d.0: flags: 64bit ncq stag only ccc 
Feb  5 21:20:44 tnaton kernel: [    0.607360] scsi host0: ahci
Feb  5 21:20:44 tnaton kernel: [    0.607595] ata1: SATA max UDMA/133 abar m8192@0xf0806000 port 0xf0806100 irq 21 lpm-pol 0
Feb  5 21:20:44 tnaton kernel: [    0.608063] ata_piix 0000:00:01.1: version 2.13
Feb  5 21:20:44 tnaton kernel: [    0.608679] scsi host1: ata_piix
Feb  5 21:20:44 tnaton kernel: [    0.609131] scsi host2: ata_piix
Feb  5 21:20:44 tnaton kernel: [    0.609643] ata2: PATA max UDMA/33 cmd 0x1f0 ctl 0x3f6 bmdma 0xd000 irq 14 lpm-pol 0
Feb  5 21:20:44 tnaton kernel: [    0.610049] ata3: PATA max UDMA/33 cmd 0x170 ctl 0x376 bmdma 0xd008 irq 15 lpm-pol 0
Feb  5 21:20:44 tnaton kernel: [    0.610952] e100: Intel(R) PRO/100 Network Driver
Feb  5 21:20:44 tnaton kernel: [    0.611189] e100: Copyright(c) 1999-2006 Intel Corporation
Feb  5 21:20:44 tnaton kernel: [    0.611450] e1000: Intel(R) PRO/1000 Network Driver
Feb  5 21:20:44 tnaton kernel: [    0.611603] e1000: Copyright (c) 1999-2006 Intel Corporation.
Feb  5 21:20:44 tnaton kernel: [    0.768821] ata2.00: ATAPI: VBOX CD-ROM, 1.0, max UDMA/133
Feb  5 21:20:44 tnaton kernel: [    0.769159] ata3.00: ATAPI: VBOX CD-ROM, 1.0, max UDMA/133
Feb  5 21:20:44 tnaton kernel: [    0.916850] ata1: SATA link up 3.0 Gbps (SStatus 123 SControl 300)
Feb  5 21:20:44 tnaton kernel: [    0.917286] ata1.00: ATA-6: VBOX HARDDISK, 1.0, max UDMA/133
Feb  5 21:20:44 tnaton kernel: [    0.917469] ata1.00: 67108864 sectors, multi 128: LBA48 NCQ (depth 32)
Feb  5 21:20:44 tnaton kernel: [    0.917992] ata1.00: configured for UDMA/133
Feb  5 21:20:44 tnaton kernel: [    0.918824] scsi 0:0:0:0: Direct-Access     ATA      VBOX HARDDISK    1.0  PQ: 0 ANSI: 5
Feb  5 21:20:44 tnaton kernel: [    0.919312] scsi 0:0:0:0: Attached scsi generic sg0 type 0
Feb  5 21:20:44 tnaton kernel: [    0.919638] sd 0:0:0:0: [sda] 67108864 512-byte logical blocks: (34.4 GB/32.0 GiB)
Feb  5 21:20:44 tnaton kernel: [    0.919920] sd 0:0:0:0: [sda] Write Protect is off
Feb  5 21:20:44 tnaton kernel: [    0.920089] sd 0:0:0:0: [sda] Mode Sense: 00 3a 00 00
Feb  5 21:20:44 tnaton kernel: [    0.920094] scsi 1:0:0:0: CD-ROM            VBOX     CD-ROM           1.0  PQ: 0 ANSI: 5
Feb  5 21:20:44 tnaton kernel: [    0.920476] sd 0:0:0:0: [sda] Write cache: enabled, read cache: enabled, doesn't support DPO or FUA
Feb  5 21:20:44 tnaton kernel: [    0.920768] sd 0:0:0:0: [sda] Preferred minimum I/O size 512 bytes
Feb  5 21:20:44 tnaton kernel: [    0.923144]  sda: sda1 sda2 sda3
Feb  5 21:20:44 tnaton kernel: [    0.923334] sd 0:0:0:0: [sda] Attached SCSI disk
Feb  5 21:20:44 tnaton kernel: [    0.925580] sr 1:0:0:0: [sr0] scsi3-mmc drive: 32x/32x xa/form2 tray
Feb  5 21:20:44 tnaton kernel: [    0.925782] cdrom: Uniform CD-ROM driver Revision: 3.20
Feb  5 21:20:44 tnaton kernel: [    0.929675] sr 1:0:0:0: Attached scsi CD-ROM sr0
Feb  5 21:20:44 tnaton kernel: [    0.929751] sr 1:0:0:0: Attached scsi generic sg1 type 5
Feb  5 21:20:44 tnaton kernel: [    0.932468] scsi 2:0:0:0: CD-ROM            VBOX     CD-ROM           1.0  PQ: 0 ANSI: 5
Feb  5 21:20:44 tnaton kernel: [    0.943358] sr 2:0:0:0: [sr1] scsi3-mmc drive: 32x/32x xa/form2 tray
Feb  5 21:20:44 tnaton kernel: [    0.952950] sr 2:0:0:0: Attached scsi CD-ROM sr1
Feb  5 21:20:44 tnaton kernel: [    0.953018] sr 2:0:0:0: Attached scsi generic sg2 type 5
Feb  5 21:20:44 tnaton kernel: [    1.147527] e1000 0000:00:03.0 eth0: (PCI:33MHz:32-bit) 08:00:27:aa:c9:aa
Feb  5 21:20:44 tnaton kernel: [    1.147527] e1000 0000:00:03.0 eth0: Intel(R) PRO/1000 Network Connection
Feb  5 21:20:44 tnaton kernel: [    1.147527] e1000e: Intel(R) PRO/1000 Network Driver
Feb  5 21:20:44 tnaton kernel: [    1.147527] e1000e: Copyright(c) 1999 - 2015 Intel Corporation.
Feb  5 21:20:44 tnaton kernel: [    1.147527] sky2: driver version 1.30
Feb  5 21:20:44 tnaton kernel: [    1.149907] ohci-pci 0000:00:06.0: OHCI PCI host controller
Feb  5 21:20:44 tnaton kernel: [    1.150269] ohci-pci 0000:00:06.0: new USB bus registered, assigned bus number 1
Feb  5 21:20:44 tnaton kernel: [    1.150564] ohci-pci 0000:00:06.0: irq 22, io mem 0xf0804000
Feb  5 21:20:44 tnaton kernel: [    1.259449] usb usb1: New USB device found, idVendor=1d6b, idProduct=0001, bcdDevice= 6.08
Feb  5 21:20:44 tnaton kernel: [    1.260034] usb usb1: New USB device strings: Mfr=3, Product=2, SerialNumber=1
Feb  5 21:20:44 tnaton kernel: [    1.260034] usb usb1: Product: OHCI PCI host controller
Feb  5 21:20:44 tnaton kernel: [    1.260034] usb usb1: Manufacturer: Linux 6.8.0-rc3tnaton ohci_hcd
Feb  5 21:20:44 tnaton kernel: [    1.260034] usb usb1: SerialNumber: 0000:00:06.0
Feb  5 21:20:44 tnaton kernel: [    1.265435] hub 1-0:1.0: USB hub found
Feb  5 21:20:44 tnaton kernel: [    1.265651] hub 1-0:1.0: 12 ports detected
Feb  5 21:20:44 tnaton kernel: [    1.265957] ehci-pci 0000:00:0b.0: EHCI Host Controller
Feb  5 21:20:44 tnaton kernel: [    1.266193] ehci-pci 0000:00:0b.0: new USB bus registered, assigned bus number 2
Feb  5 21:20:44 tnaton kernel: [    1.266547] ehci-pci 0000:00:0b.0: irq 19, io mem 0xf0805000
Feb  5 21:20:44 tnaton kernel: [    1.266775] usbcore: registered new interface driver usblp
Feb  5 21:20:44 tnaton kernel: [    1.266950] usbcore: registered new interface driver usb-storage
Feb  5 21:20:44 tnaton kernel: [    1.267146] i8042: PNP: PS/2 Controller [PNP0303:PS2K,PNP0f03:PS2M] at 0x60,0x64 irq 1,12
Feb  5 21:20:44 tnaton kernel: [    1.268157] serio: i8042 KBD port at 0x60,0x64 irq 1
Feb  5 21:20:44 tnaton kernel: [    1.268829] serio: i8042 AUX port at 0x60,0x64 irq 12
Feb  5 21:20:44 tnaton kernel: [    1.269773] mousedev: PS/2 mouse device common for all mice
Feb  5 21:20:44 tnaton kernel: [    1.271062] rtc_cmos rtc_cmos: registered as rtc0
Feb  5 21:20:44 tnaton kernel: [    1.271258] rtc_cmos rtc_cmos: alarms up to one day, 114 bytes nvram
Feb  5 21:20:44 tnaton kernel: [    1.271449] fail to initialize ptp_kvm
Feb  5 21:20:44 tnaton kernel: [    1.271499] device-mapper: ioctl: 4.48.0-ioctl (2023-03-01) initialised: dm-devel@redhat.com
Feb  5 21:20:44 tnaton kernel: [    1.272183] intel_pstate: CPU model not supported
Feb  5 21:20:44 tnaton kernel: [    1.272385] hid: raw HID events driver (C) Jiri Kosina
Feb  5 21:20:44 tnaton kernel: [    1.272605] usbcore: registered new interface driver usbhid
Feb  5 21:20:44 tnaton kernel: [    1.272779] usbhid: USB HID core driver
Feb  5 21:20:44 tnaton kernel: [    1.273560] input: AT Translated Set 2 keyboard as /devices/platform/i8042/serio0/input/input3
Feb  5 21:20:44 tnaton kernel: [    1.274184] ipip: IPv4 and MPLS over IPv4 tunneling driver
Feb  5 21:20:44 tnaton kernel: [    1.274217] ehci-pci 0000:00:0b.0: USB 2.0 started, EHCI 1.00
Feb  5 21:20:44 tnaton kernel: [    1.274439] gre: GRE over IPv4 demultiplexor driver
Feb  5 21:20:44 tnaton kernel: [    1.274787] usb usb2: New USB device found, idVendor=1d6b, idProduct=0002, bcdDevice= 6.08
Feb  5 21:20:44 tnaton kernel: [    1.274903] ip_gre: GRE over IPv4 tunneling driver
Feb  5 21:20:44 tnaton kernel: [    1.275024] Initializing XFRM netlink socket
Feb  5 21:20:44 tnaton kernel: [    1.275224] usb usb2: New USB device strings: Mfr=3, Product=2, SerialNumber=1
Feb  5 21:20:44 tnaton kernel: [    1.275426] NET: Registered PF_INET6 protocol family
Feb  5 21:20:44 tnaton kernel: [    1.275557] usb usb2: Product: EHCI Host Controller
Feb  5 21:20:44 tnaton kernel: [    1.276138] usb usb2: Manufacturer: Linux 6.8.0-rc3tnaton ehci_hcd
Feb  5 21:20:44 tnaton kernel: [    1.276270] Segment Routing with IPv6
Feb  5 21:20:44 tnaton kernel: [    1.276330] usb usb2: SerialNumber: 0000:00:0b.0
Feb  5 21:20:44 tnaton kernel: [    1.276514] hub 2-0:1.0: USB hub found
Feb  5 21:20:44 tnaton kernel: [    1.276643] In-situ OAM (IOAM) with IPv6
Feb  5 21:20:44 tnaton kernel: [    1.276778] hub 2-0:1.0: 12 ports detected
Feb  5 21:20:44 tnaton kernel: [    1.276929] sit: IPv6, IPv4 and MPLS over IPv4 tunneling driver
Feb  5 21:20:44 tnaton kernel: [    1.277348] ip6_gre: GRE over IPv6 tunneling driver
Feb  5 21:20:44 tnaton kernel: [    1.277543] NET: Registered PF_PACKET protocol family
Feb  5 21:20:44 tnaton kernel: [    1.277635] 8021q: 802.1Q VLAN Support v1.8
Feb  5 21:20:44 tnaton kernel: [    1.277635] 9pnet: Installing 9P2000 support
Feb  5 21:20:44 tnaton kernel: [    1.277635] Key type dns_resolver registered
Feb  5 21:20:44 tnaton kernel: [    1.279411] IPI shorthand broadcast: enabled
Feb  5 21:20:44 tnaton kernel: [    1.280742] sched_clock: Marking stable (1256023731, 24466562)->(1381049668, -100559375)
Feb  5 21:20:44 tnaton kernel: [    1.281358] registered taskstats version 1
Feb  5 21:20:44 tnaton kernel: [    1.281538] Loading compiled-in X.509 certificates
Feb  5 21:20:44 tnaton kernel: [    1.282831] Btrfs loaded, zoned=no, fsverity=no
Feb  5 21:20:44 tnaton kernel: [    1.283034] PM:   Magic number: 12:742:345
Feb  5 21:20:44 tnaton kernel: [    1.283209] tty tty62: hash matches
Feb  5 21:20:44 tnaton kernel: [    1.283361] printk: legacy console [netcon0] enabled
Feb  5 21:20:44 tnaton kernel: [    1.283523] netconsole: network logging started
Feb  5 21:20:44 tnaton kernel: [    1.283701] cfg80211: Loading compiled-in X.509 certificates for regulatory database
Feb  5 21:20:44 tnaton kernel: [    1.284044] kworker/u30:2 (135) used greatest stack depth: 14152 bytes left
Feb  5 21:20:44 tnaton kernel: [    1.284366] Loaded X.509 cert 'sforshee: 00b28ddf47aef9cea7'
Feb  5 21:20:44 tnaton kernel: [    1.284620] Loaded X.509 cert 'wens: 61c038651aabdcf94bd0ac7ff06c7248db18c600'
Feb  5 21:20:44 tnaton kernel: [    1.284858] ALSA device list:
Feb  5 21:20:44 tnaton kernel: [    1.284978]   No soundcards found.
Feb  5 21:20:44 tnaton kernel: [    1.285127] platform regulatory.0: Direct firmware load for regulatory.db failed with error -2
Feb  5 21:20:44 tnaton kernel: [    1.285386] cfg80211: failed to load regulatory.db
Feb  5 21:20:44 tnaton kernel: [    1.497191] input: ImExPS/2 Generic Explorer Mouse as /devices/platform/i8042/serio1/input/input5
Feb  5 21:20:44 tnaton kernel: [    1.499750] md: Waiting for all devices to be available before autodetect
Feb  5 21:20:44 tnaton kernel: [    1.500672] md: If you don't use raid, use raid=noautodetect
Feb  5 21:20:44 tnaton kernel: [    1.501395] md: Autodetecting RAID arrays.
Feb  5 21:20:44 tnaton kernel: [    1.501945] md: autorun ...
Feb  5 21:20:44 tnaton kernel: [    1.502389] md: ... autorun DONE.
Feb  5 21:20:44 tnaton kernel: [    1.511017] EXT4-fs (sda3): mounted filesystem e1b7bf57-6eb5-44f5-baf2-16d8478bce5c ro with ordered data mode. Quota mode: none.
Feb  5 21:20:44 tnaton kernel: [    1.512229] VFS: Mounted root (ext4 filesystem) readonly on device 8:3.
Feb  5 21:20:44 tnaton kernel: [    1.513774] devtmpfs: mounted
Feb  5 21:20:44 tnaton kernel: [    1.515787] Freeing unused kernel image (initmem) memory: 2868K
Feb  5 21:20:44 tnaton kernel: [    1.600899] usb 1-1: new full-speed USB device number 2 using ohci-pci
Feb  5 21:20:44 tnaton kernel: [    1.603958] Write protecting the kernel read-only data: 28672k
Feb  5 21:20:44 tnaton kernel: [    1.607082] Freeing unused kernel image (rodata/data gap) memory: 1028K
Feb  5 21:20:44 tnaton kernel: [    1.638942] x86/mm: Checked W+X mappings: passed, no W+X pages found.
Feb  5 21:20:44 tnaton kernel: [    1.639125] x86/mm: Checking user space page tables
Feb  5 21:20:44 tnaton kernel: [    1.665557] x86/mm: Checked W+X mappings: passed, no W+X pages found.
Feb  5 21:20:44 tnaton kernel: [    1.665902] Run /sbin/init as init process
Feb  5 21:20:44 tnaton kernel: [    1.666069]   with arguments:
Feb  5 21:20:44 tnaton kernel: [    1.666070]     /sbin/init
Feb  5 21:20:44 tnaton kernel: [    1.666070]   with environment:
Feb  5 21:20:44 tnaton kernel: [    1.666071]     HOME=/
Feb  5 21:20:44 tnaton kernel: [    1.666071]     TERM=linux
Feb  5 21:20:44 tnaton kernel: [    1.666071]     BOOT_IMAGE=/vmlinuz-6.8-rc3-little-penguin
Feb  5 21:20:44 tnaton kernel: [    1.695476] stty (144) used greatest stack depth: 13024 bytes left
Feb  5 21:20:44 tnaton kernel: [    1.893487] usb 1-1: New USB device found, idVendor=80ee, idProduct=0021, bcdDevice= 1.00
Feb  5 21:20:44 tnaton kernel: [    1.895653] usb 1-1: New USB device strings: Mfr=1, Product=3, SerialNumber=0
Feb  5 21:20:44 tnaton kernel: [    1.897113] usb 1-1: Product: USB Tablet
Feb  5 21:20:44 tnaton kernel: [    1.897821] usb 1-1: Manufacturer: VirtualBox
Feb  5 21:20:44 tnaton kernel: [    1.900715] ip (254) used greatest stack depth: 12784 bytes left
Feb  5 21:20:44 tnaton kernel: [    1.910536] input: VirtualBox USB Tablet as /devices/pci0000:00/0000:00:06.0/usb1/1-1/1-1:1.0/0003:80EE:0021.0001/input/input6
Feb  5 21:20:44 tnaton kernel: [    1.916069] hid-generic 0003:80EE:0021.0001: input,hidraw0: USB HID v1.10 Mouse [VirtualBox USB Tablet] on usb-0000:00:06.0-1/input0
Feb  5 21:20:44 tnaton kernel: <30>[    1.970614] udevd[279]: Starting systemd-udevd version 254
Feb  5 21:20:44 tnaton kernel: <30>[    1.980698] udevd[280]: Using default interface naming scheme 'v253'.
Feb  5 21:20:44 tnaton kernel: [    2.059744] e1000 0000:00:03.0 enp0s3: renamed from eth0
Feb  5 21:20:44 tnaton kernel: [    2.062099] vboxguest: host-version: 6.1.38r153438 0x8000000f
Feb  5 21:20:44 tnaton kernel: [    2.062727] vbg_heartbeat_init: Setting up heartbeat to trigger every 2000 milliseconds
Feb  5 21:20:44 tnaton kernel: [    2.063144] input: VirtualBox mouse integration as /devices/pci0000:00/0000:00:04.0/input/input7
Feb  5 21:20:44 tnaton kernel: [    2.090219] vboxvideo 0000:00:02.0: vgaarb: deactivate vga console
Feb  5 21:20:44 tnaton kernel: [    2.093667] Console: switching to colour dummy device 80x25
Feb  5 21:20:44 tnaton kernel: [    2.093889] [drm] VRAM 01000000
Feb  5 21:20:44 tnaton kernel: [    2.094849] [drm] Initialized vboxvideo 1.0.0 20130823 for 0000:00:02.0 on minor 0
Feb  5 21:20:44 tnaton kernel: [    2.096403] fbcon: vboxvideodrmfb (fb0) is primary device
Feb  5 21:20:44 tnaton kernel: [    2.108856] vboxvideo 0000:00:02.0: [drm] drm_plane_enable_fb_damage_clips() not called
Feb  5 21:20:44 tnaton kernel: [    2.110758] Console: switching to colour frame buffer device 240x67
Feb  5 21:20:44 tnaton kernel: [    2.115115] vboxvideo 0000:00:02.0: [drm] fb0: vboxvideodrmfb frame buffer device
Feb  5 21:20:44 tnaton kernel: [    6.336549] Adding 1048572k swap on /dev/sda2.  Priority:1 extents:1 across:1048572k 
Feb  5 21:20:44 tnaton kernel: [    6.594900] EXT4-fs (sda3): re-mounted e1b7bf57-6eb5-44f5-baf2-16d8478bce5c ro. Quota mode: none.
Feb  5 21:20:44 tnaton kernel: [    6.815615] EXT4-fs (sda3): re-mounted e1b7bf57-6eb5-44f5-baf2-16d8478bce5c r/w. Quota mode: none.
Feb  5 21:20:44 tnaton kernel: [    6.861660] EXT4-fs (sda1): mounted filesystem 52dc00d8-94ae-44f5-8ad4-8758fce1de7f r/w with ordered data mode. Quota mode: none.
Feb  5 21:20:44 tnaton kernel: [    8.189761] 8021q: adding VLAN 0 to HW filter on device enp0s3
Feb  5 21:20:44 tnaton kernel: [    8.191209] e1000: enp0s3 NIC Link is Up 1000 Mbps Full Duplex, Flow Control: RX
Feb  5 21:20:45 tnaton kernel: [    9.148748] bridge: filtering via arp/ip/ip6tables is no longer available by default. Update your scripts to load br_netfilter if you need this.
Feb  5 21:20:45 tnaton kernel: [    9.149903] Bridge firewalling registered
Feb  5 21:20:47 tnaton kernel: [   11.246459] Bluetooth: Core ver 2.22
Feb  5 21:20:47 tnaton kernel: [   11.248134] NET: Registered PF_BLUETOOTH protocol family
Feb  5 21:20:47 tnaton kernel: [   11.249018] Bluetooth: HCI device and connection manager initialized
Feb  5 21:20:47 tnaton kernel: [   11.249632] Bluetooth: HCI socket layer initialized
Feb  5 21:20:47 tnaton kernel: [   11.250647] Bluetooth: L2CAP socket layer initialized
Feb  5 21:20:47 tnaton kernel: [   11.251107] Bluetooth: SCO socket layer initialized
Feb  5 21:20:47 tnaton kernel: [   11.263865] Bluetooth: BNEP (Ethernet Emulation) ver 1.3
Feb  5 21:20:47 tnaton kernel: [   11.264645] Bluetooth: BNEP filters: protocol multicast
Feb  5 21:20:47 tnaton kernel: [   11.265366] Bluetooth: BNEP socket layer initialized
