Feb  7 18:34:07 tnaton kernel: klogd 1.5.1, log source = /proc/kmsg started.
Feb  7 18:34:07 tnaton kernel: Cannot find map file.
Feb  7 18:34:07 tnaton kernel: Loaded 188569 symbols from 4 modules.
Feb  7 18:34:07 tnaton kernel: [    0.000000] Linux version 6.8.0-rc3-next-20240207tnaton (root@tnaton) (gcc (GCC) 13.2.0, GNU ld (GNU Binutils) 2.41) #2 SMP PREEMPT_DYNAMIC Wed Feb  7 18:30:39 CET 2024
Feb  7 18:34:07 tnaton kernel: [    0.000000] Command line: BOOT_IMAGE=/vmlinuz-6.8-rc3-next-20240207 root=PARTUUID=1c458f0e-03 ro
Feb  7 18:34:07 tnaton kernel: [    0.000000] BIOS-provided physical RAM map:
Feb  7 18:34:07 tnaton kernel: [    0.000000] BIOS-e820: [mem 0x0000000000000000-0x000000000009fbff] usable
Feb  7 18:34:07 tnaton kernel: [    0.000000] BIOS-e820: [mem 0x000000000009fc00-0x000000000009ffff] reserved
Feb  7 18:34:07 tnaton kernel: [    0.000000] BIOS-e820: [mem 0x00000000000f0000-0x00000000000fffff] reserved
Feb  7 18:34:07 tnaton kernel: [    0.000000] BIOS-e820: [mem 0x0000000000100000-0x00000000dffeffff] usable
Feb  7 18:34:07 tnaton kernel: [    0.000000] BIOS-e820: [mem 0x00000000dfff0000-0x00000000dfffffff] ACPI data
Feb  7 18:34:07 tnaton kernel: [    0.000000] BIOS-e820: [mem 0x00000000fec00000-0x00000000fec00fff] reserved
Feb  7 18:34:07 tnaton kernel: [    0.000000] BIOS-e820: [mem 0x00000000fee00000-0x00000000fee00fff] reserved
Feb  7 18:34:07 tnaton kernel: [    0.000000] BIOS-e820: [mem 0x00000000fffc0000-0x00000000ffffffff] reserved
Feb  7 18:34:07 tnaton kernel: [    0.000000] BIOS-e820: [mem 0x0000000100000000-0x000000025a3fffff] usable
Feb  7 18:34:07 tnaton kernel: [    0.000000] NX (Execute Disable) protection: active
Feb  7 18:34:07 tnaton kernel: [    0.000000] APIC: Static calls initialized
Feb  7 18:34:07 tnaton kernel: [    0.000000] SMBIOS 2.5 present.
Feb  7 18:34:07 tnaton kernel: [    0.000000] DMI: innotek GmbH VirtualBox/VirtualBox, BIOS VirtualBox 12/01/2006
Feb  7 18:34:07 tnaton kernel: [    0.000000] Hypervisor detected: KVM
Feb  7 18:34:07 tnaton kernel: [    0.000000] kvm-clock: Using msrs 4b564d01 and 4b564d00
Feb  7 18:34:07 tnaton kernel: [    0.000006] kvm-clock: using sched offset of 13653843266 cycles
Feb  7 18:34:07 tnaton kernel: [    0.000008] clocksource: kvm-clock: mask: 0xffffffffffffffff max_cycles: 0x1cd42e4dffb, max_idle_ns: 881590591483 ns
Feb  7 18:34:07 tnaton kernel: [    0.000010] tsc: Detected 2111.998 MHz processor
Feb  7 18:34:07 tnaton kernel: [    0.000345] e820: update [mem 0x00000000-0x00000fff] usable ==> reserved
Feb  7 18:34:07 tnaton kernel: [    0.000347] e820: remove [mem 0x000a0000-0x000fffff] usable
Feb  7 18:34:07 tnaton kernel: [    0.000349] last_pfn = 0x25a400 max_arch_pfn = 0x400000000
Feb  7 18:34:07 tnaton kernel: [    0.000354] MTRRs disabled by BIOS
Feb  7 18:34:07 tnaton kernel: [    0.000355] x86/PAT: Configuration [0-7]: WB  WC  UC- UC  WB  WP  UC- WT  
Feb  7 18:34:07 tnaton kernel: [    0.000369] last_pfn = 0xdfff0 max_arch_pfn = 0x400000000
Feb  7 18:34:07 tnaton kernel: [    0.000402] found SMP MP-table at [mem 0x0009fff0-0x0009ffff]
Feb  7 18:34:07 tnaton kernel: [    0.000407] Incomplete global flushes, disabling PCID
Feb  7 18:34:07 tnaton kernel: [    0.000715] ACPI: Early table checksum verification disabled
Feb  7 18:34:07 tnaton kernel: [    0.000718] ACPI: RSDP 0x00000000000E0000 000024 (v02 VBOX  )
Feb  7 18:34:07 tnaton kernel: [    0.000721] ACPI: XSDT 0x00000000DFFF0030 00003C (v01 VBOX   VBOXXSDT 00000001 ASL  00000061)
Feb  7 18:34:07 tnaton kernel: [    0.000724] ACPI: FACP 0x00000000DFFF00F0 0000F4 (v04 VBOX   VBOXFACP 00000001 ASL  00000061)
Feb  7 18:34:07 tnaton kernel: [    0.000727] ACPI: DSDT 0x00000000DFFF04C0 002325 (v02 VBOX   VBOXBIOS 00000002 INTL 20200925)
Feb  7 18:34:07 tnaton kernel: [    0.000729] ACPI: FACS 0x00000000DFFF0200 000040
Feb  7 18:34:07 tnaton kernel: [    0.000731] ACPI: FACS 0x00000000DFFF0200 000040
Feb  7 18:34:07 tnaton kernel: [    0.000732] ACPI: APIC 0x00000000DFFF0240 0000AC (v02 VBOX   VBOXAPIC 00000001 ASL  00000061)
Feb  7 18:34:07 tnaton kernel: [    0.000734] ACPI: SSDT 0x00000000DFFF02F0 0001CC (v01 VBOX   VBOXCPUT 00000002 INTL 20200925)
Feb  7 18:34:07 tnaton kernel: [    0.000735] ACPI: Reserving FACP table memory at [mem 0xdfff00f0-0xdfff01e3]
Feb  7 18:34:07 tnaton kernel: [    0.000736] ACPI: Reserving DSDT table memory at [mem 0xdfff04c0-0xdfff27e4]
Feb  7 18:34:07 tnaton kernel: [    0.000736] ACPI: Reserving FACS table memory at [mem 0xdfff0200-0xdfff023f]
Feb  7 18:34:07 tnaton kernel: [    0.000737] ACPI: Reserving FACS table memory at [mem 0xdfff0200-0xdfff023f]
Feb  7 18:34:07 tnaton kernel: [    0.000737] ACPI: Reserving APIC table memory at [mem 0xdfff0240-0xdfff02eb]
Feb  7 18:34:07 tnaton kernel: [    0.000738] ACPI: Reserving SSDT table memory at [mem 0xdfff02f0-0xdfff04bb]
Feb  7 18:34:07 tnaton kernel: [    0.000856] No NUMA configuration found
Feb  7 18:34:07 tnaton kernel: [    0.000857] Faking a node at [mem 0x0000000000000000-0x000000025a3fffff]
Feb  7 18:34:07 tnaton kernel: [    0.000858] NODE_DATA(0) allocated [mem 0x25a3f8000-0x25a3fbfff]
Feb  7 18:34:07 tnaton kernel: [    0.000865] Zone ranges:
Feb  7 18:34:07 tnaton kernel: [    0.000866]   DMA      [mem 0x0000000000001000-0x0000000000ffffff]
Feb  7 18:34:07 tnaton kernel: [    0.000868]   DMA32    [mem 0x0000000001000000-0x00000000ffffffff]
Feb  7 18:34:07 tnaton kernel: [    0.000869]   Normal   [mem 0x0000000100000000-0x000000025a3fffff]
Feb  7 18:34:07 tnaton kernel: [    0.000869] Movable zone start for each node
Feb  7 18:34:07 tnaton kernel: [    0.000870] Early memory node ranges
Feb  7 18:34:07 tnaton kernel: [    0.000870]   node   0: [mem 0x0000000000001000-0x000000000009efff]
Feb  7 18:34:07 tnaton kernel: [    0.000871]   node   0: [mem 0x0000000000100000-0x00000000dffeffff]
Feb  7 18:34:07 tnaton kernel: [    0.000871]   node   0: [mem 0x0000000100000000-0x000000025a3fffff]
Feb  7 18:34:07 tnaton kernel: [    0.000872] Initmem setup node 0 [mem 0x0000000000001000-0x000000025a3fffff]
Feb  7 18:34:07 tnaton kernel: [    0.001147] On node 0, zone DMA: 1 pages in unavailable ranges
Feb  7 18:34:07 tnaton kernel: [    0.001161] On node 0, zone DMA: 97 pages in unavailable ranges
Feb  7 18:34:07 tnaton kernel: [    0.025262] On node 0, zone Normal: 16 pages in unavailable ranges
Feb  7 18:34:07 tnaton kernel: [    0.025366] On node 0, zone Normal: 23552 pages in unavailable ranges
Feb  7 18:34:07 tnaton kernel: [    0.025614] ACPI: PM-Timer IO Port: 0x4008
Feb  7 18:34:07 tnaton kernel: [    0.025652] IOAPIC[0]: apic_id 12, version 32, address 0xfec00000, GSI 0-23
Feb  7 18:34:07 tnaton kernel: [    0.025655] ACPI: INT_SRC_OVR (bus 0 bus_irq 0 global_irq 2 dfl dfl)
Feb  7 18:34:07 tnaton kernel: [    0.025656] ACPI: INT_SRC_OVR (bus 0 bus_irq 9 global_irq 9 low level)
Feb  7 18:34:07 tnaton kernel: [    0.025658] ACPI: Using ACPI (MADT) for SMP configuration information
Feb  7 18:34:07 tnaton kernel: [    0.025659] smpboot: Allowing 12 CPUs, 0 hotplug CPUs
Feb  7 18:34:07 tnaton kernel: [    0.025672] PM: hibernation: Registered nosave memory: [mem 0x00000000-0x00000fff]
Feb  7 18:34:07 tnaton kernel: [    0.025673] PM: hibernation: Registered nosave memory: [mem 0x0009f000-0x0009ffff]
Feb  7 18:34:07 tnaton kernel: [    0.025673] PM: hibernation: Registered nosave memory: [mem 0x000a0000-0x000effff]
Feb  7 18:34:07 tnaton kernel: [    0.025673] PM: hibernation: Registered nosave memory: [mem 0x000f0000-0x000fffff]
Feb  7 18:34:07 tnaton kernel: [    0.025674] PM: hibernation: Registered nosave memory: [mem 0xdfff0000-0xdfffffff]
Feb  7 18:34:07 tnaton kernel: [    0.025674] PM: hibernation: Registered nosave memory: [mem 0xe0000000-0xfebfffff]
Feb  7 18:34:07 tnaton kernel: [    0.025675] PM: hibernation: Registered nosave memory: [mem 0xfec00000-0xfec00fff]
Feb  7 18:34:07 tnaton kernel: [    0.025675] PM: hibernation: Registered nosave memory: [mem 0xfec01000-0xfedfffff]
Feb  7 18:34:07 tnaton kernel: [    0.025675] PM: hibernation: Registered nosave memory: [mem 0xfee00000-0xfee00fff]
Feb  7 18:34:07 tnaton kernel: [    0.025675] PM: hibernation: Registered nosave memory: [mem 0xfee01000-0xfffbffff]
Feb  7 18:34:07 tnaton kernel: [    0.025676] PM: hibernation: Registered nosave memory: [mem 0xfffc0000-0xffffffff]
Feb  7 18:34:07 tnaton kernel: [    0.025677] [mem 0xe0000000-0xfebfffff] available for PCI devices
Feb  7 18:34:07 tnaton kernel: [    0.025677] Booting paravirtualized kernel on KVM
Feb  7 18:34:07 tnaton kernel: [    0.025679] clocksource: refined-jiffies: mask: 0xffffffff max_cycles: 0xffffffff, max_idle_ns: 1910969940391419 ns
Feb  7 18:34:07 tnaton kernel: [    0.029790] setup_percpu: NR_CPUS:64 nr_cpumask_bits:12 nr_cpu_ids:12 nr_node_ids:1
Feb  7 18:34:07 tnaton kernel: [    0.030475] percpu: Embedded 57 pages/cpu s195176 r8192 d30104 u262144
Feb  7 18:34:07 tnaton kernel: [    0.030478] pcpu-alloc: s195176 r8192 d30104 u262144 alloc=1*2097152
Feb  7 18:34:07 tnaton kernel: [    0.030480] pcpu-alloc: [0] 00 01 02 03 04 05 06 07 [0] 08 09 10 11 -- -- -- -- 
Feb  7 18:34:07 tnaton kernel: [    0.030493] Kernel command line: BOOT_IMAGE=/vmlinuz-6.8-rc3-next-20240207 root=PARTUUID=1c458f0e-03 ro
Feb  7 18:34:07 tnaton kernel: [    0.030510] Unknown kernel command line parameters "BOOT_IMAGE=/vmlinuz-6.8-rc3-next-20240207", will be passed to user space.
Feb  7 18:34:07 tnaton kernel: [    0.030529] random: crng init done
Feb  7 18:34:07 tnaton kernel: [    0.033117] Dentry cache hash table entries: 2097152 (order: 12, 16777216 bytes, linear)
Feb  7 18:34:07 tnaton kernel: [    0.034455] Inode-cache hash table entries: 1048576 (order: 11, 8388608 bytes, linear)
Feb  7 18:34:07 tnaton kernel: [    0.034581] Fallback order for Node 0: 0 
Feb  7 18:34:07 tnaton kernel: [    0.034585] Built 1 zonelists, mobility grouping on.  Total pages: 2298976
Feb  7 18:34:07 tnaton kernel: [    0.034585] Policy zone: Normal
Feb  7 18:34:07 tnaton kernel: [    0.034587] mem auto-init: stack:all(zero), heap alloc:off, heap free:off
Feb  7 18:34:07 tnaton kernel: [    0.034590] software IO TLB: area num 16.
Feb  7 18:34:07 tnaton kernel: [    0.068831] Memory: 9057296K/9342520K available (20480K kernel code, 3058K rwdata, 7184K rodata, 2880K init, 2352K bss, 284964K reserved, 0K cma-reserved)
Feb  7 18:34:07 tnaton kernel: [    0.068858] SLUB: HWalign=64, Order=0-3, MinObjects=0, CPUs=12, Nodes=1
Feb  7 18:34:07 tnaton kernel: [    0.068870] Kernel/User page tables isolation: enabled
Feb  7 18:34:07 tnaton kernel: [    0.069759] Dynamic Preempt: voluntary
Feb  7 18:34:07 tnaton kernel: [    0.070131] rcu: Preemptible hierarchical RCU implementation.
Feb  7 18:34:07 tnaton kernel: [    0.070132] rcu: ^IRCU event tracing is enabled.
Feb  7 18:34:07 tnaton kernel: [    0.070132] rcu: ^IRCU restricting CPUs from NR_CPUS=64 to nr_cpu_ids=12.
Feb  7 18:34:07 tnaton kernel: [    0.070133] ^ITrampoline variant of Tasks RCU enabled.
Feb  7 18:34:07 tnaton kernel: [    0.070133] ^IRude variant of Tasks RCU enabled.
Feb  7 18:34:07 tnaton kernel: [    0.070133] ^ITracing variant of Tasks RCU enabled.
Feb  7 18:34:07 tnaton kernel: [    0.070134] rcu: RCU calculated value of scheduler-enlistment delay is 100 jiffies.
Feb  7 18:34:07 tnaton kernel: [    0.070134] rcu: Adjusting geometry for rcu_fanout_leaf=16, nr_cpu_ids=12
Feb  7 18:34:07 tnaton kernel: [    0.071058] NR_IRQS: 4352, nr_irqs: 520, preallocated irqs: 16
Feb  7 18:34:07 tnaton kernel: [    0.071224] rcu: srcu_init: Setting srcu_struct sizes based on contention.
Feb  7 18:34:07 tnaton kernel: [    0.075208] Console: colour VGA+ 80x25
Feb  7 18:34:07 tnaton kernel: [    0.075210] printk: legacy console [tty0] enabled
Feb  7 18:34:07 tnaton kernel: [    0.094140] ACPI: Core revision 20230628
Feb  7 18:34:07 tnaton kernel: [    0.094342] APIC: Switch to symmetric I/O mode setup
Feb  7 18:34:07 tnaton kernel: [    0.094647] x2apic enabled
Feb  7 18:34:07 tnaton kernel: [    0.094930] APIC: Switched APIC routing to: physical x2apic
Feb  7 18:34:07 tnaton kernel: [    0.095849] ..TIMER: vector=0x30 apic1=0 pin1=2 apic2=-1 pin2=-1
Feb  7 18:34:07 tnaton kernel: [    0.096021] clocksource: tsc-early: mask: 0xffffffffffffffff max_cycles: 0x1e71768ef8b, max_idle_ns: 440795218977 ns
Feb  7 18:34:07 tnaton kernel: [    0.096285] Calibrating delay loop (skipped) preset value.. 4223.99 BogoMIPS (lpj=2111998)
Feb  7 18:34:07 tnaton kernel: [    0.096589] Last level iTLB entries: 4KB 0, 2MB 0, 4MB 0
Feb  7 18:34:07 tnaton kernel: [    0.096735] Last level dTLB entries: 4KB 0, 2MB 0, 4MB 0, 1GB 0
Feb  7 18:34:07 tnaton kernel: [    0.096894] Spectre V1 : Mitigation: usercopy/swapgs barriers and __user pointer sanitization
Feb  7 18:34:07 tnaton kernel: [    0.097119] Spectre V2 : Mitigation: Retpolines
Feb  7 18:34:07 tnaton kernel: [    0.097252] Spectre V2 : Spectre v2 / SpectreRSB mitigation: Filling RSB on context switch
Feb  7 18:34:07 tnaton kernel: [    0.097282] Spectre V2 : Spectre v2 / SpectreRSB : Filling RSB on VMEXIT
Feb  7 18:34:07 tnaton kernel: [    0.097282] Speculative Store Bypass: Vulnerable
Feb  7 18:34:07 tnaton kernel: [    0.097282] MDS: Mitigation: Clear CPU buffers
Feb  7 18:34:07 tnaton kernel: [    0.097282] x86/fpu: Supporting XSAVE feature 0x001: 'x87 floating point registers'
Feb  7 18:34:07 tnaton kernel: [    0.097282] x86/fpu: Supporting XSAVE feature 0x002: 'SSE registers'
Feb  7 18:34:07 tnaton kernel: [    0.097282] x86/fpu: Supporting XSAVE feature 0x004: 'AVX registers'
Feb  7 18:34:07 tnaton kernel: [    0.097282] x86/fpu: xstate_offset[2]:  576, xstate_sizes[2]:  256
Feb  7 18:34:07 tnaton kernel: [    0.097282] x86/fpu: Enabled xstate features 0x7, context size is 832 bytes, using 'standard' format.
Feb  7 18:34:07 tnaton kernel: [    0.111420] Freeing SMP alternatives memory: 56K
Feb  7 18:34:07 tnaton kernel: [    0.111571] pid_max: default: 32768 minimum: 301
Feb  7 18:34:07 tnaton kernel: [    0.111729] LSM: initializing lsm=capability,selinux,bpf,integrity
Feb  7 18:34:07 tnaton kernel: [    0.111909] SELinux:  Initializing.
Feb  7 18:34:07 tnaton kernel: [    0.112035] LSM support for eBPF active
Feb  7 18:34:07 tnaton kernel: [    0.112300] Mount-cache hash table entries: 32768 (order: 6, 262144 bytes, linear)
Feb  7 18:34:07 tnaton kernel: [    0.112532] Mountpoint-cache hash table entries: 32768 (order: 6, 262144 bytes, linear)
Feb  7 18:34:07 tnaton kernel: [    0.216478] smpboot: CPU0: 12th Gen Intel(R) Core(TM) i7-12700 (family: 0x6, model: 0x97, stepping: 0x2)
Feb  7 18:34:07 tnaton kernel: [    0.216855] RCU Tasks: Setting shift to 4 and lim to 1 rcu_task_cb_adjust=1.
Feb  7 18:34:07 tnaton kernel: [    0.217051] RCU Tasks Rude: Setting shift to 4 and lim to 1 rcu_task_cb_adjust=1.
Feb  7 18:34:07 tnaton kernel: [    0.217282] RCU Tasks Trace: Setting shift to 4 and lim to 1 rcu_task_cb_adjust=1.
Feb  7 18:34:07 tnaton kernel: [    0.217288] Performance Events: unsupported p6 CPU model 151 no PMU driver, software events only.
Feb  7 18:34:07 tnaton kernel: [    0.217550] signal: max sigframe size: 1776
Feb  7 18:34:07 tnaton kernel: [    0.217697] rcu: Hierarchical SRCU implementation.
Feb  7 18:34:07 tnaton kernel: [    0.217843] rcu: ^IMax phase no-delay instances is 400.
Feb  7 18:34:07 tnaton kernel: [    0.218114] smp: Bringing up secondary CPUs ...
Feb  7 18:34:07 tnaton kernel: [    0.218313] smpboot: x86: Booting SMP configuration:
Feb  7 18:34:07 tnaton kernel: [    0.218463] .... node  #0, CPUs:        #1  #2  #3  #4  #5  #6  #7  #8  #9 #10 #11
Feb  7 18:34:07 tnaton kernel: [    0.234397] smp: Brought up 1 node, 12 CPUs
Feb  7 18:34:07 tnaton kernel: [    0.234784] smpboot: Max logical packages: 1
Feb  7 18:34:07 tnaton kernel: [    0.234930] smpboot: Total of 12 processors activated (50687.95 BogoMIPS)
Feb  7 18:34:07 tnaton kernel: [    0.236526] devtmpfs: initialized
Feb  7 18:34:07 tnaton kernel: [    0.236678] clocksource: jiffies: mask: 0xffffffff max_cycles: 0xffffffff, max_idle_ns: 1911260446275000 ns
Feb  7 18:34:07 tnaton kernel: [    0.237287] futex hash table entries: 4096 (order: 6, 262144 bytes, linear)
Feb  7 18:34:07 tnaton kernel: [    0.237756] PM: RTC time: 17:33:58, date: 2024-02-07
Feb  7 18:34:07 tnaton kernel: [    0.238228] NET: Registered PF_NETLINK/PF_ROUTE protocol family
Feb  7 18:34:07 tnaton kernel: [    0.238326] audit: initializing netlink subsys (disabled)
Feb  7 18:34:07 tnaton kernel: [    0.238509] audit: type=2000 audit(1707327251.747:1): state=initialized audit_enabled=0 res=1
Feb  7 18:34:07 tnaton kernel: [    0.238509] thermal_sys: Registered thermal governor 'step_wise'
Feb  7 18:34:07 tnaton kernel: [    0.238562] thermal_sys: Registered thermal governor 'user_space'
Feb  7 18:34:07 tnaton kernel: [    0.238748] cpuidle: using governor menu
Feb  7 18:34:07 tnaton kernel: [    0.239488] PCI: Using configuration type 1 for base access
Feb  7 18:34:07 tnaton kernel: [    0.239698] kprobes: kprobe jump-optimization is enabled. All kprobes are optimized if possible.
Feb  7 18:34:07 tnaton kernel: [    0.243546] HugeTLB: registered 2.00 MiB page size, pre-allocated 0 pages
Feb  7 18:34:07 tnaton kernel: [    0.243745] HugeTLB: 28 KiB vmemmap can be freed for a 2.00 MiB page
Feb  7 18:34:07 tnaton kernel: [    0.261283] raid6: avx2x4   gen() 28346 MB/s
Feb  7 18:34:07 tnaton kernel: [    0.278283] raid6: avx2x2   gen() 39679 MB/s
Feb  7 18:34:07 tnaton kernel: [    0.295283] raid6: avx2x1   gen() 38063 MB/s
Feb  7 18:34:07 tnaton kernel: [    0.295428] raid6: using algorithm avx2x2 gen() 39679 MB/s
Feb  7 18:34:07 tnaton kernel: [    0.312283] raid6: .... xor() 27711 MB/s, rmw enabled
Feb  7 18:34:07 tnaton kernel: [    0.312446] raid6: using avx2x2 recovery algorithm
Feb  7 18:34:07 tnaton kernel: [    0.312634] ACPI: Added _OSI(Module Device)
Feb  7 18:34:07 tnaton kernel: [    0.313283] ACPI: Added _OSI(Processor Device)
Feb  7 18:34:07 tnaton kernel: [    0.313431] ACPI: Added _OSI(3.0 _SCP Extensions)
Feb  7 18:34:07 tnaton kernel: [    0.313587] ACPI: Added _OSI(Processor Aggregator Device)
Feb  7 18:34:07 tnaton kernel: [    0.314502] ACPI: 2 ACPI AML tables successfully acquired and loaded
Feb  7 18:34:07 tnaton kernel: [    0.315373] ACPI: _OSC evaluation for CPUs failed, trying _PDC
Feb  7 18:34:07 tnaton kernel: [    0.315514] ACPI: Interpreter enabled
Feb  7 18:34:07 tnaton kernel: [    0.315663] ACPI: PM: (supports S0 S5)
Feb  7 18:34:07 tnaton kernel: [    0.315797] ACPI: Using IOAPIC for interrupt routing
Feb  7 18:34:07 tnaton kernel: [    0.316306] PCI: Using host bridge windows from ACPI; if necessary, use "pci=nocrs" and report a bug
Feb  7 18:34:07 tnaton kernel: [    0.316576] PCI: Using E820 reservations for host bridge windows
Feb  7 18:34:07 tnaton kernel: [    0.316802] ACPI: Enabled 2 GPEs in block 00 to 07
Feb  7 18:34:07 tnaton kernel: [    0.318870] ACPI: PCI Root Bridge [PCI0] (domain 0000 [bus 00-ff])
Feb  7 18:34:07 tnaton kernel: [    0.319056] acpi PNP0A03:00: _OSC: OS supports [ASPM ClockPM Segments MSI HPX-Type3]
Feb  7 18:34:07 tnaton kernel: [    0.319283] acpi PNP0A03:00: _OSC: not requesting OS control; OS requires [ExtendedConfig ASPM ClockPM MSI]
Feb  7 18:34:07 tnaton kernel: [    0.319678] acpi PNP0A03:00: fail to add MMCONFIG information, can't access extended configuration space under this bridge
Feb  7 18:34:07 tnaton kernel: [    0.320036] PCI host bridge to bus 0000:00
Feb  7 18:34:07 tnaton kernel: [    0.320179] pci_bus 0000:00: root bus resource [io  0x0000-0x0cf7 window]
Feb  7 18:34:07 tnaton kernel: [    0.320283] pci_bus 0000:00: root bus resource [io  0x0d00-0xffff window]
Feb  7 18:34:07 tnaton kernel: [    0.320480] pci_bus 0000:00: root bus resource [mem 0x000a0000-0x000bffff window]
Feb  7 18:34:07 tnaton kernel: [    0.320718] pci_bus 0000:00: root bus resource [mem 0xe0000000-0xfdffffff window]
Feb  7 18:34:07 tnaton kernel: [    0.320952] pci_bus 0000:00: root bus resource [bus 00-ff]
Feb  7 18:34:07 tnaton kernel: [    0.321321] pci 0000:00:00.0: [8086:1237] type 00 class 0x060000 conventional PCI endpoint
Feb  7 18:34:07 tnaton kernel: [    0.321843] pci 0000:00:01.0: [8086:7000] type 00 class 0x060100 conventional PCI endpoint
Feb  7 18:34:07 tnaton kernel: [    0.322451] pci 0000:00:01.1: [8086:7111] type 00 class 0x01018a conventional PCI endpoint
Feb  7 18:34:07 tnaton kernel: [    0.322903] pci 0000:00:01.1: BAR 4 [io  0xd000-0xd00f]
Feb  7 18:34:07 tnaton kernel: [    0.323154] pci 0000:00:01.1: BAR 0 [io  0x01f0-0x01f7]: legacy IDE quirk
Feb  7 18:34:07 tnaton kernel: [    0.323283] pci 0000:00:01.1: BAR 1 [io  0x03f6]: legacy IDE quirk
Feb  7 18:34:07 tnaton kernel: [    0.323464] pci 0000:00:01.1: BAR 2 [io  0x0170-0x0177]: legacy IDE quirk
Feb  7 18:34:07 tnaton kernel: [    0.323657] pci 0000:00:01.1: BAR 3 [io  0x0376]: legacy IDE quirk
Feb  7 18:34:07 tnaton kernel: [    0.323927] pci 0000:00:02.0: [80ee:beef] type 00 class 0x030000 conventional PCI endpoint
Feb  7 18:34:07 tnaton kernel: [    0.327297] pci 0000:00:02.0: BAR 0 [mem 0xe0000000-0xe0ffffff pref]
Feb  7 18:34:07 tnaton kernel: [    0.345288] pci 0000:00:02.0: Video device with shadowed ROM at [mem 0x000c0000-0x000dffff]
Feb  7 18:34:07 tnaton kernel: [    0.345763] pci 0000:00:03.0: [8086:100e] type 00 class 0x020000 conventional PCI endpoint
Feb  7 18:34:07 tnaton kernel: [    0.348298] pci 0000:00:03.0: BAR 0 [mem 0xf0000000-0xf001ffff]
Feb  7 18:34:07 tnaton kernel: [    0.354349] pci 0000:00:03.0: BAR 2 [io  0xd010-0xd017]
Feb  7 18:34:07 tnaton kernel: [    0.365577] pci 0000:00:04.0: [80ee:cafe] type 00 class 0x088000 conventional PCI endpoint
Feb  7 18:34:07 tnaton kernel: [    0.368299] pci 0000:00:04.0: BAR 0 [io  0xd020-0xd03f]
Feb  7 18:34:07 tnaton kernel: [    0.372311] pci 0000:00:04.0: BAR 1 [mem 0xf0400000-0xf07fffff]
Feb  7 18:34:07 tnaton kernel: [    0.375391] pci 0000:00:04.0: BAR 2 [mem 0xf0800000-0xf0803fff pref]
Feb  7 18:34:07 tnaton kernel: [    0.387522] pci 0000:00:05.0: [8086:2415] type 00 class 0x040100 conventional PCI endpoint
Feb  7 18:34:07 tnaton kernel: [    0.388353] pci 0000:00:05.0: BAR 0 [io  0xd100-0xd1ff]
Feb  7 18:34:07 tnaton kernel: [    0.388555] pci 0000:00:05.0: BAR 1 [io  0xd200-0xd23f]
Feb  7 18:34:07 tnaton kernel: [    0.389426] pci 0000:00:06.0: [106b:003f] type 00 class 0x0c0310 conventional PCI endpoint
Feb  7 18:34:07 tnaton kernel: [    0.391348] pci 0000:00:06.0: BAR 0 [mem 0xf0804000-0xf0804fff]
Feb  7 18:34:07 tnaton kernel: [    0.408458] pci 0000:00:07.0: [8086:7113] type 00 class 0x068000 conventional PCI endpoint
Feb  7 18:34:07 tnaton kernel: [    0.409352] pci 0000:00:07.0: quirk: [io  0x4000-0x403f] claimed by PIIX4 ACPI
Feb  7 18:34:07 tnaton kernel: [    0.409590] pci 0000:00:07.0: quirk: [io  0x4100-0x410f] claimed by PIIX4 SMB
Feb  7 18:34:07 tnaton kernel: [    0.409931] pci 0000:00:0b.0: [8086:265c] type 00 class 0x0c0320 conventional PCI endpoint
Feb  7 18:34:07 tnaton kernel: [    0.411351] pci 0000:00:0b.0: BAR 0 [mem 0xf0805000-0xf0805fff]
Feb  7 18:34:07 tnaton kernel: [    0.424822] pci 0000:00:0d.0: [8086:2829] type 00 class 0x010601 conventional PCI endpoint
Feb  7 18:34:07 tnaton kernel: [    0.427351] pci 0000:00:0d.0: BAR 0 [io  0xd240-0xd247]
Feb  7 18:34:07 tnaton kernel: [    0.430343] pci 0000:00:0d.0: BAR 1 [io  0xd248-0xd24b]
Feb  7 18:34:07 tnaton kernel: [    0.432431] pci 0000:00:0d.0: BAR 2 [io  0xd250-0xd257]
Feb  7 18:34:07 tnaton kernel: [    0.434305] pci 0000:00:0d.0: BAR 3 [io  0xd258-0xd25b]
Feb  7 18:34:07 tnaton kernel: [    0.438297] pci 0000:00:0d.0: BAR 4 [io  0xd260-0xd26f]
Feb  7 18:34:07 tnaton kernel: [    0.441298] pci 0000:00:0d.0: BAR 5 [mem 0xf0806000-0xf0807fff]
Feb  7 18:34:07 tnaton kernel: [    0.447405] ACPI: PCI: Interrupt link LNKA configured for IRQ 11
Feb  7 18:34:07 tnaton kernel: [    0.447681] ACPI: PCI: Interrupt link LNKB configured for IRQ 10
Feb  7 18:34:07 tnaton kernel: [    0.447896] ACPI: PCI: Interrupt link LNKC configured for IRQ 9
Feb  7 18:34:07 tnaton kernel: [    0.448108] ACPI: PCI: Interrupt link LNKD configured for IRQ 11
Feb  7 18:34:07 tnaton kernel: [    0.448389] iommu: Default domain type: Translated
Feb  7 18:34:07 tnaton kernel: [    0.448547] iommu: DMA domain TLB invalidation policy: lazy mode
Feb  7 18:34:07 tnaton kernel: [    0.448780] SCSI subsystem initialized
Feb  7 18:34:07 tnaton kernel: [    0.449294] libata version 3.00 loaded.
Feb  7 18:34:07 tnaton kernel: [    0.449319] ACPI: bus type USB registered
Feb  7 18:34:07 tnaton kernel: [    0.449469] usbcore: registered new interface driver usbfs
Feb  7 18:34:07 tnaton kernel: [    0.449641] usbcore: registered new interface driver hub
Feb  7 18:34:07 tnaton kernel: [    0.449811] usbcore: registered new device driver usb
Feb  7 18:34:07 tnaton kernel: [    0.449976] pps_core: LinuxPPS API ver. 1 registered
Feb  7 18:34:07 tnaton kernel: [    0.450136] pps_core: Software ver. 5.3.6 - Copyright 2005-2007 Rodolfo Giometti <giometti@linux.it>
Feb  7 18:34:07 tnaton kernel: [    0.450284] PTP clock support registered
Feb  7 18:34:07 tnaton kernel: [    0.450441] Advanced Linux Sound Architecture Driver Initialized.
Feb  7 18:34:07 tnaton kernel: [    0.450587] NetLabel: Initializing
Feb  7 18:34:07 tnaton kernel: [    0.450714] NetLabel:  domain hash size = 128
Feb  7 18:34:07 tnaton kernel: [    0.450860] NetLabel:  protocols = UNLABELED CIPSOv4 CALIPSO
Feb  7 18:34:07 tnaton kernel: [    0.451292] NetLabel:  unlabeled traffic allowed by default
Feb  7 18:34:07 tnaton kernel: [    0.451471] PCI: Using ACPI for IRQ routing
Feb  7 18:34:07 tnaton kernel: [    0.451471] PCI: pci_cache_line_size set to 64 bytes
Feb  7 18:34:07 tnaton kernel: [    0.451561] e820: reserve RAM buffer [mem 0x0009fc00-0x0009ffff]
Feb  7 18:34:07 tnaton kernel: [    0.451564] e820: reserve RAM buffer [mem 0xdfff0000-0xdfffffff]
Feb  7 18:34:07 tnaton kernel: [    0.451564] e820: reserve RAM buffer [mem 0x25a400000-0x25bffffff]
Feb  7 18:34:07 tnaton kernel: [    0.451573] pci 0000:00:02.0: vgaarb: setting as boot VGA device
Feb  7 18:34:07 tnaton kernel: [    0.451607] pci 0000:00:02.0: vgaarb: bridge control possible
Feb  7 18:34:07 tnaton kernel: [    0.451783] pci 0000:00:02.0: vgaarb: VGA device added: decodes=io+mem,owns=io+mem,locks=none
Feb  7 18:34:07 tnaton kernel: [    0.452284] vgaarb: loaded
Feb  7 18:34:07 tnaton kernel: [    0.452564] clocksource: Switched to clocksource kvm-clock
Feb  7 18:34:07 tnaton kernel: [    0.452813] VFS: Disk quotas dquot_6.6.0
Feb  7 18:34:07 tnaton kernel: [    0.452813] VFS: Dquot-cache hash table entries: 512 (order 0, 4096 bytes)
Feb  7 18:34:07 tnaton kernel: [    0.452990] pnp: PnP ACPI init
Feb  7 18:34:07 tnaton kernel: [    0.453441] pnp: PnP ACPI: found 2 devices
Feb  7 18:34:07 tnaton kernel: [    0.462915] clocksource: acpi_pm: mask: 0xffffff max_cycles: 0xffffff, max_idle_ns: 2085701024 ns
Feb  7 18:34:07 tnaton kernel: [    0.463213] NET: Registered PF_INET protocol family
Feb  7 18:34:07 tnaton kernel: [    0.463713] IP idents hash table entries: 262144 (order: 9, 2097152 bytes, linear)
Feb  7 18:34:07 tnaton kernel: [    0.465340] tcp_listen_portaddr_hash hash table entries: 8192 (order: 5, 131072 bytes, linear)
Feb  7 18:34:07 tnaton kernel: [    0.465610] Table-perturb hash table entries: 65536 (order: 6, 262144 bytes, linear)
Feb  7 18:34:07 tnaton kernel: [    0.465851] TCP established hash table entries: 131072 (order: 8, 1048576 bytes, linear)
Feb  7 18:34:07 tnaton kernel: [    0.466114] TCP bind hash table entries: 65536 (order: 9, 2097152 bytes, linear)
Feb  7 18:34:07 tnaton kernel: [    0.466742] TCP: Hash tables configured (established 131072 bind 65536)
Feb  7 18:34:07 tnaton kernel: [    0.467241] MPTCP token hash table entries: 16384 (order: 6, 393216 bytes, linear)
Feb  7 18:34:07 tnaton kernel: [    0.467521] UDP hash table entries: 8192 (order: 6, 262144 bytes, linear)
Feb  7 18:34:07 tnaton kernel: [    0.467732] UDP-Lite hash table entries: 8192 (order: 6, 262144 bytes, linear)
Feb  7 18:34:07 tnaton kernel: [    0.467982] NET: Registered PF_UNIX/PF_LOCAL protocol family
Feb  7 18:34:07 tnaton kernel: [    0.468462] RPC: Registered named UNIX socket transport module.
Feb  7 18:34:07 tnaton kernel: [    0.468640] RPC: Registered udp transport module.
Feb  7 18:34:07 tnaton kernel: [    0.468793] RPC: Registered tcp transport module.
Feb  7 18:34:07 tnaton kernel: [    0.468945] RPC: Registered tcp-with-tls transport module.
Feb  7 18:34:07 tnaton kernel: [    0.469113] RPC: Registered tcp NFSv4.1 backchannel transport module.
Feb  7 18:34:07 tnaton kernel: [    0.469577] pci_bus 0000:00: resource 4 [io  0x0000-0x0cf7 window]
Feb  7 18:34:07 tnaton kernel: [    0.469763] pci_bus 0000:00: resource 5 [io  0x0d00-0xffff window]
Feb  7 18:34:07 tnaton kernel: [    0.469946] pci_bus 0000:00: resource 6 [mem 0x000a0000-0x000bffff window]
Feb  7 18:34:07 tnaton kernel: [    0.470146] pci_bus 0000:00: resource 7 [mem 0xe0000000-0xfdffffff window]
Feb  7 18:34:07 tnaton kernel: [    0.470358] pci 0000:00:00.0: Limiting direct PCI/PCI transfers
Feb  7 18:34:07 tnaton kernel: [    0.471319] PCI: CLS 0 bytes, default 64
Feb  7 18:34:07 tnaton kernel: [    0.471462] PCI-DMA: Using software bounce buffering for IO (SWIOTLB)
Feb  7 18:34:07 tnaton kernel: [    0.471648] software IO TLB: mapped [mem 0x00000000dbff0000-0x00000000dfff0000] (64MB)
Feb  7 18:34:07 tnaton kernel: [    0.472764] RAPL PMU: API unit is 2^-32 Joules, 0 fixed counters, 10737418240 ms ovfl timer
Feb  7 18:34:07 tnaton kernel: [    0.473030] kvm_intel: VMX not supported by CPU 0
Feb  7 18:34:07 tnaton kernel: [    0.473184] kvm_amd: CPU 0 isn't AMD or Hygon
Feb  7 18:34:07 tnaton kernel: [    0.473330] clocksource: tsc: mask: 0xffffffffffffffff max_cycles: 0x1e71768ef8b, max_idle_ns: 440795218977 ns
Feb  7 18:34:07 tnaton kernel: [    0.473728] clocksource: Switched to clocksource tsc
Feb  7 18:34:07 tnaton kernel: [    0.473908] platform rtc_cmos: registered platform RTC device (no PNP device found)
Feb  7 18:34:07 tnaton kernel: [    0.478023] Initialise system trusted keyrings
Feb  7 18:34:07 tnaton kernel: [    0.478231] workingset: timestamp_bits=40 max_order=22 bucket_order=0
Feb  7 18:34:07 tnaton kernel: [    0.478558] NFS: Registering the id_resolver key type
Feb  7 18:34:07 tnaton kernel: [    0.478719] Key type id_resolver registered
Feb  7 18:34:07 tnaton kernel: [    0.478872] Key type id_legacy registered
Feb  7 18:34:07 tnaton kernel: [    0.479048] 9p: Installing v9fs 9p2000 file system support
Feb  7 18:34:07 tnaton kernel: [    0.483766] xor: automatically using best checksumming function   avx       
Feb  7 18:34:07 tnaton kernel: [    0.486809] Key type asymmetric registered
Feb  7 18:34:07 tnaton kernel: [    0.486951] Asymmetric key parser 'x509' registered
Feb  7 18:34:07 tnaton kernel: [    0.487115] Block layer SCSI generic (bsg) driver version 0.4 loaded (major 251)
Feb  7 18:34:07 tnaton kernel: [    0.487510] io scheduler mq-deadline registered
Feb  7 18:34:07 tnaton kernel: [    0.487685] io scheduler kyber registered
Feb  7 18:34:07 tnaton kernel: [    0.488579] ACPI: AC: AC Adapter [AC] (on-line)
Feb  7 18:34:07 tnaton kernel: [    0.488752] input: Power Button as /devices/LNXSYSTM:00/LNXPWRBN:00/input/input0
Feb  7 18:34:07 tnaton kernel: [    0.489026] ACPI: button: Power Button [PWRF]
Feb  7 18:34:07 tnaton kernel: [    0.489184] input: Sleep Button as /devices/LNXSYSTM:00/LNXSLPBN:00/input/input1
Feb  7 18:34:07 tnaton kernel: [    0.489437] ACPI: button: Sleep Button [SLPF]
Feb  7 18:34:07 tnaton kernel: [    0.489601] ACPI: video: Video Device [GFX0] (multi-head: yes  rom: no  post: no)
Feb  7 18:34:07 tnaton kernel: [    0.489853] input: Video Bus as /devices/LNXSYSTM:00/LNXSYBUS:00/PNP0A03:00/LNXVIDEO:00/input/input2
Feb  7 18:34:07 tnaton kernel: [    0.490388] Serial: 8250/16550 driver, 4 ports, IRQ sharing enabled
Feb  7 18:34:07 tnaton kernel: [    0.490949] Non-volatile memory driver v1.3
Feb  7 18:34:07 tnaton kernel: [    0.491098] ACPI: bus type drm_connector registered
Feb  7 18:34:07 tnaton kernel: [    0.494310] brd: module loaded
Feb  7 18:34:07 tnaton kernel: [    0.495769] loop: module loaded
Feb  7 18:34:07 tnaton kernel: [    0.496320] ahci 0000:00:0d.0: version 3.0
Feb  7 18:34:07 tnaton kernel: [    0.496532] ahci 0000:00:0d.0: SSS flag set, parallel bus scan disabled
Feb  7 18:34:07 tnaton kernel: [    0.496812] ahci 0000:00:0d.0: AHCI 0001.0100 32 slots 1 ports 3 Gbps 0x1 impl SATA mode
Feb  7 18:34:07 tnaton kernel: [    0.497057] ahci 0000:00:0d.0: flags: 64bit ncq stag only ccc 
Feb  7 18:34:07 tnaton kernel: [    0.497592] scsi host0: ahci
Feb  7 18:34:07 tnaton kernel: [    0.497734] ata1: SATA max UDMA/133 abar m8192@0xf0806000 port 0xf0806100 irq 21 lpm-pol 0
Feb  7 18:34:07 tnaton kernel: [    0.497999] ata_piix 0000:00:01.1: version 2.13
Feb  7 18:34:07 tnaton kernel: [    0.498340] scsi host1: ata_piix
Feb  7 18:34:07 tnaton kernel: [    0.498617] scsi host2: ata_piix
Feb  7 18:34:07 tnaton kernel: [    0.498805] ata2: PATA max UDMA/33 cmd 0x1f0 ctl 0x3f6 bmdma 0xd000 irq 14 lpm-pol 0
Feb  7 18:34:07 tnaton kernel: [    0.499043] ata3: PATA max UDMA/33 cmd 0x170 ctl 0x376 bmdma 0xd008 irq 15 lpm-pol 0
Feb  7 18:34:07 tnaton kernel: [    0.499888] e100: Intel(R) PRO/100 Network Driver
Feb  7 18:34:07 tnaton kernel: [    0.500050] e100: Copyright(c) 1999-2006 Intel Corporation
Feb  7 18:34:07 tnaton kernel: [    0.500221] e1000: Intel(R) PRO/1000 Network Driver
Feb  7 18:34:07 tnaton kernel: [    0.500376] e1000: Copyright (c) 1999-2006 Intel Corporation.
Feb  7 18:34:07 tnaton kernel: [    0.656416] ata3.00: ATAPI: VBOX CD-ROM, 1.0, max UDMA/133
Feb  7 18:34:07 tnaton kernel: [    0.656797] ata2.00: ATAPI: VBOX CD-ROM, 1.0, max UDMA/133
Feb  7 18:34:07 tnaton kernel: [    0.809301] ata1: SATA link up 3.0 Gbps (SStatus 123 SControl 300)
Feb  7 18:34:07 tnaton kernel: [    0.809935] ata1.00: ATA-6: VBOX HARDDISK, 1.0, max UDMA/133
Feb  7 18:34:07 tnaton kernel: [    0.810312] ata1.00: 67108864 sectors, multi 128: LBA48 NCQ (depth 32)
Feb  7 18:34:07 tnaton kernel: [    0.810898] ata1.00: configured for UDMA/133
Feb  7 18:34:07 tnaton kernel: [    0.811273] scsi 0:0:0:0: Direct-Access     ATA      VBOX HARDDISK    1.0  PQ: 0 ANSI: 5
Feb  7 18:34:07 tnaton kernel: [    0.811900] scsi 0:0:0:0: Attached scsi generic sg0 type 0
Feb  7 18:34:07 tnaton kernel: [    0.812012] sd 0:0:0:0: [sda] 67108864 512-byte logical blocks: (34.4 GB/32.0 GiB)
Feb  7 18:34:07 tnaton kernel: [    0.812529] sd 0:0:0:0: [sda] Write Protect is off
Feb  7 18:34:07 tnaton kernel: [    0.812710] sd 0:0:0:0: [sda] Mode Sense: 00 3a 00 00
Feb  7 18:34:07 tnaton kernel: [    0.812714] sd 0:0:0:0: [sda] Write cache: enabled, read cache: enabled, doesn't support DPO or FUA
Feb  7 18:34:07 tnaton kernel: [    0.813065] sd 0:0:0:0: [sda] Preferred minimum I/O size 512 bytes
Feb  7 18:34:07 tnaton kernel: [    0.813443] scsi 1:0:0:0: CD-ROM            VBOX     CD-ROM           1.0  PQ: 0 ANSI: 5
Feb  7 18:34:07 tnaton kernel: [    0.819900]  sda: sda1 sda2 sda3
Feb  7 18:34:07 tnaton kernel: [    0.820090] sd 0:0:0:0: [sda] Attached SCSI disk
Feb  7 18:34:07 tnaton kernel: [    0.827097] sr 1:0:0:0: [sr0] scsi3-mmc drive: 32x/32x xa/form2 tray
Feb  7 18:34:07 tnaton kernel: [    0.827296] cdrom: Uniform CD-ROM driver Revision: 3.20
Feb  7 18:34:07 tnaton kernel: [    0.836532] sr 1:0:0:0: Attached scsi CD-ROM sr0
Feb  7 18:34:07 tnaton kernel: [    0.836611] sr 1:0:0:0: Attached scsi generic sg1 type 5
Feb  7 18:34:07 tnaton kernel: [    0.837173] scsi 2:0:0:0: CD-ROM            VBOX     CD-ROM           1.0  PQ: 0 ANSI: 5
Feb  7 18:34:07 tnaton kernel: [    0.847174] sr 2:0:0:0: [sr1] scsi3-mmc drive: 32x/32x xa/form2 tray
Feb  7 18:34:07 tnaton kernel: [    0.853134] sr 2:0:0:0: Attached scsi CD-ROM sr1
Feb  7 18:34:07 tnaton kernel: [    0.853221] sr 2:0:0:0: Attached scsi generic sg2 type 5
Feb  7 18:34:07 tnaton kernel: [    1.113768] e1000 0000:00:03.0 eth0: (PCI:33MHz:32-bit) 08:00:27:aa:c9:aa
Feb  7 18:34:07 tnaton kernel: [    1.113813] e1000 0000:00:03.0 eth0: Intel(R) PRO/1000 Network Connection
Feb  7 18:34:07 tnaton kernel: [    1.113813] e1000e: Intel(R) PRO/1000 Network Driver
Feb  7 18:34:07 tnaton kernel: [    1.113813] e1000e: Copyright(c) 1999 - 2015 Intel Corporation.
Feb  7 18:34:07 tnaton kernel: [    1.113813] sky2: driver version 1.30
Feb  7 18:34:07 tnaton kernel: [    1.115148] ohci-pci 0000:00:06.0: OHCI PCI host controller
Feb  7 18:34:07 tnaton kernel: [    1.115530] ohci-pci 0000:00:06.0: new USB bus registered, assigned bus number 1
Feb  7 18:34:07 tnaton kernel: [    1.115808] ohci-pci 0000:00:06.0: irq 22, io mem 0xf0804000
Feb  7 18:34:07 tnaton kernel: [    1.239670] usb usb1: New USB device found, idVendor=1d6b, idProduct=0001, bcdDevice= 6.08
Feb  7 18:34:07 tnaton kernel: [    1.239909] usb usb1: New USB device strings: Mfr=3, Product=2, SerialNumber=1
Feb  7 18:34:07 tnaton kernel: [    1.240118] usb usb1: Product: OHCI PCI host controller
Feb  7 18:34:07 tnaton kernel: [    1.240121] usb usb1: Manufacturer: Linux 6.8.0-rc3-next-20240207tnaton ohci_hcd
Feb  7 18:34:07 tnaton kernel: [    1.240121] usb usb1: SerialNumber: 0000:00:06.0
Feb  7 18:34:07 tnaton kernel: [    1.240882] hub 1-0:1.0: USB hub found
Feb  7 18:34:07 tnaton kernel: [    1.241017] hub 1-0:1.0: 12 ports detected
Feb  7 18:34:07 tnaton kernel: [    1.241343] ehci-pci 0000:00:0b.0: EHCI Host Controller
Feb  7 18:34:07 tnaton kernel: [    1.241551] usbcore: registered new interface driver usblp
Feb  7 18:34:07 tnaton kernel: [    1.241719] ehci-pci 0000:00:0b.0: new USB bus registered, assigned bus number 2
Feb  7 18:34:07 tnaton kernel: [    1.242063] ehci-pci 0000:00:0b.0: irq 19, io mem 0xf0805000
Feb  7 18:34:07 tnaton kernel: [    1.242256] usbcore: registered new interface driver usb-storage
Feb  7 18:34:07 tnaton kernel: [    1.242440] i8042: PNP: PS/2 Controller [PNP0303:PS2K,PNP0f03:PS2M] at 0x60,0x64 irq 1,12
Feb  7 18:34:07 tnaton kernel: [    1.243159] serio: i8042 KBD port at 0x60,0x64 irq 1
Feb  7 18:34:07 tnaton kernel: [    1.243312] serio: i8042 AUX port at 0x60,0x64 irq 12
Feb  7 18:34:07 tnaton kernel: [    1.243660] mousedev: PS/2 mouse device common for all mice
Feb  7 18:34:07 tnaton kernel: [    1.244379] rtc_cmos rtc_cmos: registered as rtc0
Feb  7 18:34:07 tnaton kernel: [    1.244569] rtc_cmos rtc_cmos: alarms up to one day, 114 bytes nvram
Feb  7 18:34:07 tnaton kernel: [    1.244750] fail to initialize ptp_kvm
Feb  7 18:34:07 tnaton kernel: [    1.244894] device-mapper: ioctl: 4.48.0-ioctl (2023-03-01) initialised: dm-devel@redhat.com
Feb  7 18:34:07 tnaton kernel: [    1.245364] input: AT Translated Set 2 keyboard as /devices/platform/i8042/serio0/input/input3
Feb  7 18:34:07 tnaton kernel: [    1.245904] intel_pstate: CPU model not supported
Feb  7 18:34:07 tnaton kernel: [    1.246083] hid: raw HID events driver (C) Jiri Kosina
Feb  7 18:34:07 tnaton kernel: [    1.246442] usbcore: registered new interface driver usbhid
Feb  7 18:34:07 tnaton kernel: [    1.246607] usbhid: USB HID core driver
Feb  7 18:34:07 tnaton kernel: [    1.247439] ipip: IPv4 and MPLS over IPv4 tunneling driver
Feb  7 18:34:07 tnaton kernel: [    1.247672] gre: GRE over IPv4 demultiplexor driver
Feb  7 18:34:07 tnaton kernel: [    1.247824] ip_gre: GRE over IPv4 tunneling driver
Feb  7 18:34:07 tnaton kernel: [    1.247828] Initializing XFRM netlink socket
Feb  7 18:34:07 tnaton kernel: [    1.247828] NET: Registered PF_INET6 protocol family
Feb  7 18:34:07 tnaton kernel: [    1.248774] Segment Routing with IPv6
Feb  7 18:34:07 tnaton kernel: [    1.248783] ehci-pci 0000:00:0b.0: USB 2.0 started, EHCI 1.00
Feb  7 18:34:07 tnaton kernel: [    1.248921] In-situ OAM (IOAM) with IPv6
Feb  7 18:34:07 tnaton kernel: [    1.249109] usb usb2: New USB device found, idVendor=1d6b, idProduct=0002, bcdDevice= 6.08
Feb  7 18:34:07 tnaton kernel: [    1.249240] sit: IPv6, IPv4 and MPLS over IPv4 tunneling driver
Feb  7 18:34:07 tnaton kernel: [    1.249474] usb usb2: New USB device strings: Mfr=3, Product=2, SerialNumber=1
Feb  7 18:34:07 tnaton kernel: [    1.249719] ip6_gre: GRE over IPv6 tunneling driver
Feb  7 18:34:07 tnaton kernel: [    1.249878] usb usb2: Product: EHCI Host Controller
Feb  7 18:34:07 tnaton kernel: [    1.250070] NET: Registered PF_PACKET protocol family
Feb  7 18:34:07 tnaton kernel: [    1.250196] usb usb2: Manufacturer: Linux 6.8.0-rc3-next-20240207tnaton ehci_hcd
Feb  7 18:34:07 tnaton kernel: [    1.250357] 8021q: 802.1Q VLAN Support v1.8
Feb  7 18:34:07 tnaton kernel: [    1.250580] usb usb2: SerialNumber: 0000:00:0b.0
Feb  7 18:34:07 tnaton kernel: [    1.250725] 9pnet: Installing 9P2000 support
Feb  7 18:34:07 tnaton kernel: [    1.250913] hub 2-0:1.0: USB hub found
Feb  7 18:34:07 tnaton kernel: [    1.251027] Key type dns_resolver registered
Feb  7 18:34:07 tnaton kernel: [    1.251168] hub 2-0:1.0: 12 ports detected
Feb  7 18:34:07 tnaton kernel: [    1.252564] IPI shorthand broadcast: enabled
Feb  7 18:34:07 tnaton kernel: [    1.253913] sched_clock: Marking stable (1229026895, 24744204)->(1294977839, -41206740)
Feb  7 18:34:07 tnaton kernel: [    1.254846] registered taskstats version 1
Feb  7 18:34:07 tnaton kernel: [    1.255004] Loading compiled-in X.509 certificates
Feb  7 18:34:07 tnaton kernel: [    1.256186] Btrfs loaded, zoned=no, fsverity=no
Feb  7 18:34:07 tnaton kernel: [    1.256366] PM:   Magic number: 12:333:592
Feb  7 18:34:07 tnaton kernel: [    1.256535] printk: legacy console [netcon0] enabled
Feb  7 18:34:07 tnaton kernel: [    1.256688] netconsole: network logging started
Feb  7 18:34:07 tnaton kernel: [    1.256852] cfg80211: Loading compiled-in X.509 certificates for regulatory database
Feb  7 18:34:07 tnaton kernel: [    1.257250] kworker/u49:2 (138) used greatest stack depth: 14568 bytes left
Feb  7 18:34:07 tnaton kernel: [    1.257461] kworker/u49:2 (139) used greatest stack depth: 14160 bytes left
Feb  7 18:34:07 tnaton kernel: [    1.257572] Loaded X.509 cert 'sforshee: 00b28ddf47aef9cea7'
Feb  7 18:34:07 tnaton kernel: [    1.257922] Loaded X.509 cert 'wens: 61c038651aabdcf94bd0ac7ff06c7248db18c600'
Feb  7 18:34:07 tnaton kernel: [    1.258157] platform regulatory.0: Direct firmware load for regulatory.db failed with error -2
Feb  7 18:34:07 tnaton kernel: [    1.258406] cfg80211: failed to load regulatory.db
Feb  7 18:34:07 tnaton kernel: [    1.258561] ALSA device list:
Feb  7 18:34:07 tnaton kernel: [    1.258678]   No soundcards found.
Feb  7 18:34:07 tnaton kernel: [    1.707081] input: ImExPS/2 Generic Explorer Mouse as /devices/platform/i8042/serio1/input/input5
Feb  7 18:34:07 tnaton kernel: [    1.707525] md: Waiting for all devices to be available before autodetect
Feb  7 18:34:07 tnaton kernel: [    1.707722] md: If you don't use raid, use raid=noautodetect
Feb  7 18:34:07 tnaton kernel: [    1.707906] md: Autodetecting RAID arrays.
Feb  7 18:34:07 tnaton kernel: [    1.708047] md: autorun ...
Feb  7 18:34:07 tnaton kernel: [    1.708163] md: ... autorun DONE.
Feb  7 18:34:07 tnaton kernel: [    1.716522] EXT4-fs (sda3): mounted filesystem e1b7bf57-6eb5-44f5-baf2-16d8478bce5c ro with ordered data mode. Quota mode: none.
Feb  7 18:34:07 tnaton kernel: [    1.716853] VFS: Mounted root (ext4 filesystem) readonly on device 8:3.
Feb  7 18:34:07 tnaton kernel: [    1.717647] devtmpfs: mounted
Feb  7 18:34:07 tnaton kernel: [    1.718336] Freeing unused kernel image (initmem) memory: 2880K
Feb  7 18:34:07 tnaton kernel: [    1.718629] Write protecting the kernel read-only data: 28672k
Feb  7 18:34:07 tnaton kernel: [    1.719301] Freeing unused kernel image (rodata/data gap) memory: 1008K
Feb  7 18:34:07 tnaton kernel: [    1.749081] x86/mm: Checked W+X mappings: passed, no W+X pages found.
Feb  7 18:34:07 tnaton kernel: [    1.749394] x86/mm: Checking user space page tables
Feb  7 18:34:07 tnaton kernel: [    1.776974] x86/mm: Checked W+X mappings: passed, no W+X pages found.
Feb  7 18:34:07 tnaton kernel: [    1.777164] Run /sbin/init as init process
Feb  7 18:34:07 tnaton kernel: [    1.777329]   with arguments:
Feb  7 18:34:07 tnaton kernel: [    1.777330]     /sbin/init
Feb  7 18:34:07 tnaton kernel: [    1.777330]   with environment:
Feb  7 18:34:07 tnaton kernel: [    1.777330]     HOME=/
Feb  7 18:34:07 tnaton kernel: [    1.777331]     TERM=linux
Feb  7 18:34:07 tnaton kernel: [    1.777331]     BOOT_IMAGE=/vmlinuz-6.8-rc3-next-20240207
Feb  7 18:34:07 tnaton kernel: [    1.812011] stty (147) used greatest stack depth: 13032 bytes left
Feb  7 18:34:07 tnaton kernel: [    1.886851] usb 1-1: new full-speed USB device number 2 using ohci-pci
Feb  7 18:34:07 tnaton kernel: [    1.902711] ip (257) used greatest stack depth: 12792 bytes left
Feb  7 18:34:07 tnaton kernel: <30>[    1.933824] udevd[282]: Starting systemd-udevd version 254
Feb  7 18:34:07 tnaton kernel: <30>[    1.939075] udevd[283]: Using default interface naming scheme 'v253'.
Feb  7 18:34:07 tnaton kernel: [    1.999492] vboxguest: host-version: 6.1.38r153438 0x8000000f
Feb  7 18:34:07 tnaton kernel: [    2.000117] vbg_heartbeat_init: Setting up heartbeat to trigger every 2000 milliseconds
Feb  7 18:34:07 tnaton kernel: [    2.006520] e1000 0000:00:03.0 enp0s3: renamed from eth0
Feb  7 18:34:07 tnaton kernel: [    2.007181] vboxvideo 0000:00:02.0: vgaarb: deactivate vga console
Feb  7 18:34:07 tnaton kernel: [    2.007199] input: VirtualBox mouse integration as /devices/pci0000:00/0000:00:04.0/input/input6
Feb  7 18:34:07 tnaton kernel: [    2.008978] Console: switching to colour dummy device 80x25
Feb  7 18:34:07 tnaton kernel: [    2.010000] [drm] VRAM 01000000
Feb  7 18:34:07 tnaton kernel: [    2.011962] [drm] Initialized vboxvideo 1.0.0 20130823 for 0000:00:02.0 on minor 0
Feb  7 18:34:07 tnaton kernel: [    2.019268] fbcon: vboxvideodrmfb (fb0) is primary device
Feb  7 18:34:07 tnaton kernel: [    2.039501] vboxvideo 0000:00:02.0: [drm] drm_plane_enable_fb_damage_clips() not called
Feb  7 18:34:07 tnaton kernel: [    2.041435] Console: switching to colour frame buffer device 240x67
Feb  7 18:34:07 tnaton kernel: [    2.043219] vboxvideo 0000:00:02.0: [drm] fb0: vboxvideodrmfb frame buffer device
Feb  7 18:34:07 tnaton kernel: [    2.115780] usb 1-1: New USB device found, idVendor=80ee, idProduct=0021, bcdDevice= 1.00
Feb  7 18:34:07 tnaton kernel: [    2.115795] usb 1-1: New USB device strings: Mfr=1, Product=3, SerialNumber=0
Feb  7 18:34:07 tnaton kernel: [    2.115803] usb 1-1: Product: USB Tablet
Feb  7 18:34:07 tnaton kernel: [    2.115807] usb 1-1: Manufacturer: VirtualBox
Feb  7 18:34:07 tnaton kernel: [    2.127558] input: VirtualBox USB Tablet as /devices/pci0000:00/0000:00:06.0/usb1/1-1/1-1:1.0/0003:80EE:0021.0001/input/input7
Feb  7 18:34:07 tnaton kernel: [    2.128003] hid-generic 0003:80EE:0021.0001: input,hidraw0: USB HID v1.10 Mouse [VirtualBox USB Tablet] on usb-0000:00:06.0-1/input0
Feb  7 18:34:07 tnaton kernel: [    7.964964] Adding 1048572k swap on /dev/sda2.  Priority:1 extents:1 across:1048572k 
Feb  7 18:34:07 tnaton kernel: [    7.986891] EXT4-fs (sda3): re-mounted e1b7bf57-6eb5-44f5-baf2-16d8478bce5c ro. Quota mode: none.
Feb  7 18:34:07 tnaton kernel: [    8.032827] EXT4-fs (sda3): re-mounted e1b7bf57-6eb5-44f5-baf2-16d8478bce5c r/w. Quota mode: none.
Feb  7 18:34:07 tnaton kernel: [    8.043963] EXT4-fs (sda1): mounted filesystem 52dc00d8-94ae-44f5-8ad4-8758fce1de7f r/w with ordered data mode. Quota mode: none.
Feb  7 18:34:07 tnaton kernel: [    9.228591] 8021q: adding VLAN 0 to HW filter on device enp0s3
Feb  7 18:34:07 tnaton kernel: [    9.230354] e1000: enp0s3 NIC Link is Up 1000 Mbps Full Duplex, Flow Control: RX
Feb  7 18:34:07 tnaton kernel: [    9.949997] bridge: filtering via arp/ip/ip6tables is no longer available by default. Update your scripts to load br_netfilter if you need this.
Feb  7 18:34:07 tnaton kernel: [    9.954426] Bridge firewalling registered
Feb  7 18:34:09 tnaton kernel: [   11.880773] Bluetooth: Core ver 2.22
Feb  7 18:34:09 tnaton kernel: [   11.882881] NET: Registered PF_BLUETOOTH protocol family
Feb  7 18:34:09 tnaton kernel: [   11.883617] Bluetooth: HCI device and connection manager initialized
Feb  7 18:34:09 tnaton kernel: [   11.884361] Bluetooth: HCI socket layer initialized
Feb  7 18:34:09 tnaton kernel: [   11.884712] Bluetooth: L2CAP socket layer initialized
Feb  7 18:34:09 tnaton kernel: [   11.885221] Bluetooth: SCO socket layer initialized
Feb  7 18:34:09 tnaton kernel: [   11.893014] Bluetooth: BNEP (Ethernet Emulation) ver 1.3
Feb  7 18:34:09 tnaton kernel: [   11.893351] Bluetooth: BNEP filters: protocol multicast
Feb  7 18:34:09 tnaton kernel: [   11.893608] Bluetooth: BNEP socket layer initialized
Feb  7 18:34:15 tnaton kernel: [   17.218758] (udev-worker) (299) used greatest stack depth: 12736 bytes left
